Mar 09 13:07:35 ubuntu.local ticky: ERROR Tried to add information to a closed ticket (mcintosh)
Mar 09 17:36:01 ubuntu.local ticky: INFO Closed ticket [#1000] (ac)
Mar 09 20:42:18 ubuntu.local ticky: INFO Created ticket [#1001] (mcintosh)
Mar 10 02:17:25 ubuntu.local ticky: INFO Created ticket [#1002] (ac)
Mar 09 15:23:51 ubuntu.local ticky: INFO Commented on ticket [#1003] (blossom)
Mar 09 19:59:33 ubuntu.local ticky: ERROR Connection to DB failed (jackowens)
Mar 10 02:02:16 ubuntu.local ticky: INFO Created ticket [#1004] (ac)
Mar 09 20:54:30 ubuntu.local ticky: ERROR Tried to add information to a closed ticket (breee)
Mar 09 21:46:12 ubuntu.local ticky: ERROR Timeout while retrieving information (mdouglas)
Mar 10 02:34:05 ubuntu.local ticky: ERROR Tried to add information to a closed ticket (oren)
Mar 09 16:05:17 ubuntu.local ticky: INFO Created ticket [#1005] (ac)
Mar 09 20:32:25 ubuntu.local ticky: INFO Created ticket [#1006] (oren)
Mar 09 14:49:38 ubuntu.local ticky: INFO Commented on ticket [#1007] (rr.robinson)
Mar 10 02:56:14 ubuntu.local ticky: INFO Closed ticket [#1008] (rr.robinson)
Mar 09 09:02:06 ubuntu.local ticky: INFO Closed ticket [#1009] (jackowens)
Mar 09 10:29:32 ubuntu.local ticky: INFO Closed ticket [#1010] (ac)
Mar 10 00:35:19 ubuntu.local ticky: INFO Created ticket [#1011] (ac)
Mar 09 06:31:54 ubuntu.local ticky: INFO Closed ticket [#1012] (mdouglas)
Mar 09 09:28:14 ubuntu.local ticky: INFO Created ticket [#1013] (mcintosh)
Mar 09 07:05:40 ubuntu.local ticky: INFO Created ticket [#1014] (mdouglas)
Mar 09 22:04:32 ubuntu.local ticky: ERROR Timeout while retrieving information (breee)
Mar 10 00:53:25 ubuntu.local ticky: ERROR Tried to add information to a closed ticket (blossom)
Mar 09 06:47:03 ubuntu.local ticky: ERROR Ticket doesn't exist (oren)
Mar 10 01:29:08 ubuntu.local ticky: INFO Closed ticket [#1015] (blossom)
Mar 10 02:22:27 ubuntu.local ticky: INFO Commented on ticket [#1016] (breee)
Mar 09 14:55:53 ubuntu.local ticky: ERROR Connection to DB failed (jackowens)
Mar 09 14:10:14 ubuntu.local ticky: ERROR Permission denied while closing ticket (breee)
Mar 09 06:07:54 ubuntu.local ticky: ERROR Tried to add information to a closed ticket (jackowens)
Mar 09 21:17:55 ubuntu.local ticky: ERROR Tried to add information to a closed ticket (mcintosh)
Mar 09 22:34:31 ubuntu.local ticky: INFO Created ticket [#1017] (rr.robinson)
Mar 09 23:35:44 ubuntu.local ticky: INFO Closed ticket [#1018] (rr.robinson)
Mar 09 23:26:01 ubuntu.local ticky: ERROR The ticket was modified while updating (mdouglas)
Mar 09 18:37:42 ubuntu.local ticky: INFO Closed ticket [#1019] (ac)
Mar 09 18:58:16 ubuntu.local ticky: ERROR Tried to add information to a closed ticket (mcintosh)
Mar 09 05:02:02 ubuntu.local ticky: ERROR Connection to DB failed (jackowens)
Mar 09 22:06:09 ubuntu.local ticky: INFO Created ticket [#1020] (breee)
Mar 09 04:41:17 ubuntu.local ticky: ERROR The ticket was modified while updating (breee)
Mar 09 12:38:39 ubuntu.local ticky: INFO Closed ticket [#1021] (mcintosh)
Mar 09 16:56:36 ubuntu.local ticky: INFO Commented on ticket [#1022] (breee)
Mar 09 21:16:11 ubuntu.local ticky: INFO Created ticket [#1023] (mcintosh)
Mar 09 05:27:24 ubuntu.local ticky: INFO Created ticket [#1024] (ac)
Mar 09 05:15:03 ubuntu.local ticky: ERROR Permission denied while closing ticket (jackowens)
Mar 10 02:43:10 ubuntu.local ticky: ERROR Connection to DB failed (rr.robinson)
Mar 09 22:55:34 ubuntu.local ticky: ERROR Tried to add information to a closed ticket (jackowens)
Mar 09 22:42:07 ubuntu.local ticky: INFO Created ticket [#1025] (breee)
Mar 09 07:41:43 ubuntu.local ticky: ERROR Permission denied while closing ticket (mcintosh)
Mar 10 00:01:20 ubuntu.local ticky: ERROR Tried to add information to a closed ticket (ac)
Mar 09 11:11:12 ubuntu.local ticky: ERROR Ticket doesn't exist (ac)
Mar 09 06:56:05 ubuntu.local ticky: INFO Closed ticket [#1026] (rr.robinson)
Mar 09 10:02:46 ubuntu.local ticky: ERROR Tried to add information to a closed ticket (blossom)
Mar 09 05:27:50 ubuntu.local ticky: ERROR Ticket doesn't exist (jackowens)
Mar 10 00:40:15 ubuntu.local ticky: ERROR Connection to DB failed (jackowens)
Mar 09 16:40:52 ubuntu.local ticky: ERROR Tried to add information to a closed ticket (oren)
Mar 09 16:10:36 ubuntu.local ticky: INFO Created ticket [#1027] (oren)
Mar 09 20:22:26 ubuntu.local ticky: ERROR Timeout while retrieving information (mdouglas)
Mar 09 05:01:49 ubuntu.local ticky: INFO Created ticket [#1028] (mcintosh)
Mar 09 16:33:31 ubuntu.local ticky: INFO Closed ticket [#1029] (jackowens)
Mar 09 13:44:09 ubuntu.local ticky: INFO Commented on ticket [#1030] (ac)
Mar 09 22:20:07 ubuntu.local ticky: ERROR Permission denied while closing ticket (jackowens)
Mar 10 00:35:19 ubuntu.local ticky: ERROR Timeout while retrieving information (rr.robinson)
Mar 09 16:22:13 ubuntu.local ticky: ERROR Ticket doesn't exist (breee)
Mar 09 04:38:47 ubuntu.local ticky: INFO Commented on ticket [#1031] (mdouglas)
Mar 09 07:17:47 ubuntu.local ticky: INFO Created ticket [#1032] (ac)
Mar 09 22:17:36 ubuntu.local ticky: INFO Created ticket [#1033] (breee)
Mar 09 23:41:01 ubuntu.local ticky: ERROR Permission denied while closing ticket (ac)
Mar 09 19:11:13 ubuntu.local ticky: INFO Created ticket [#1034] (breee)
Mar 10 00:40:51 ubuntu.local ticky: INFO Commented on ticket [#1035] (ac)
Mar 10 02:16:37 ubuntu.local ticky: ERROR Connection to DB failed (breee)
Mar 09 10:38:40 ubuntu.local ticky: INFO Commented on ticket [#1036] (blossom)
Mar 10 03:06:56 ubuntu.local ticky: ERROR Tried to add information to a closed ticket (ac)
Mar 09 06:36:50 ubuntu.local ticky: INFO Created ticket [#1037] (breee)
Mar 09 16:14:20 ubuntu.local ticky: INFO Created ticket [#1038] (rr.robinson)
Mar 09 18:25:05 ubuntu.local ticky: INFO Created ticket [#1039] (mdouglas)
Mar 09 07:47:58 ubuntu.local ticky: INFO Created ticket [#1040] (blossom)
Mar 09 21:39:38 ubuntu.local ticky: INFO Created ticket [#1041] (mdouglas)
Mar 09 05:46:19 ubuntu.local ticky: INFO Closed ticket [#1042] (blossom)
Mar 09 18:28:36 ubuntu.local ticky: INFO Created ticket [#1043] (oren)
Mar 10 02:12:47 ubuntu.local ticky: ERROR The ticket was modified while updating (jackowens)
Mar 10 00:01:11 ubuntu.local ticky: ERROR Connection to DB failed (ac)
Mar 09 20:55:09 ubuntu.local ticky: ERROR Tried to add information to a closed ticket (blossom)
Mar 09 06:03:58 ubuntu.local ticky: INFO Commented on ticket [#1044] (mcintosh)
Mar 09 23:37:19 ubuntu.local ticky: ERROR Tried to add information to a closed ticket (oren)
Mar 09 15:08:15 ubuntu.local ticky: ERROR Permission denied while closing ticket (oren)
Mar 09 13:46:34 ubuntu.local ticky: INFO Created ticket [#1045] (oren)
Mar 10 02:29:21 ubuntu.local ticky: INFO Created ticket [#1046] (oren)
Mar 10 02:29:32 ubuntu.local ticky: INFO Created ticket [#1047] (mcintosh)
Mar 09 21:38:51 ubuntu.local ticky: INFO Closed ticket [#1048] (oren)
Mar 09 11:37:16 ubuntu.local ticky: ERROR Timeout while retrieving information (rr.robinson)
Mar 10 01:46:27 ubuntu.local ticky: INFO Commented on ticket [#1049] (rr.robinson)
Mar 09 15:15:33 ubuntu.local ticky: ERROR Timeout while retrieving information (breee)
Mar 09 17:22:15 ubuntu.local ticky: INFO Commented on ticket [#1050] (blossom)
Mar 09 09:59:03 ubuntu.local ticky: INFO Commented on ticket [#1051] (mcintosh)
Mar 09 11:02:51 ubuntu.local ticky: INFO Created ticket [#1052] (ac)
Mar 09 07:24:56 ubuntu.local ticky: ERROR Ticket doesn't exist (jackowens)
Mar 09 10:11:03 ubuntu.local ticky: ERROR Ticket doesn't exist (mcintosh)
Mar 09 17:04:58 ubuntu.local ticky: ERROR The ticket was modified while updating (jackowens)
Mar 09 21:02:38 ubuntu.local ticky: ERROR Tried to add information to a closed ticket (jackowens)
Mar 09 05:51:08 ubuntu.local ticky: INFO Commented on ticket [#1053] (oren)
Mar 10 00:47:20 ubuntu.local ticky: ERROR Timeout while retrieving information (oren)
Mar 09 12:32:28 ubuntu.local ticky: ERROR Timeout while retrieving information (mdouglas)
Mar 10 03:30:43 ubuntu.local ticky: ERROR Tried to add information to a closed ticket (mdouglas)
Mar 09 09:21:13 ubuntu.local ticky: ERROR Tried to add information to a closed ticket (jackowens)
Mar 09 11:55:05 ubuntu.local ticky: ERROR Connection to DB failed (breee)
Mar 09 13:51:00 ubuntu.local ticky: ERROR Connection to DB failed (ac)
Mar 09 23:31:22 ubuntu.local ticky: ERROR Ticket doesn't exist (blossom)
Mar 10 00:42:42 ubuntu.local ticky: INFO Commented on ticket [#1054] (jackowens)
Mar 09 12:38:39 ubuntu.local ticky: ERROR The ticket was modified while updating (ac)
Mar 09 17:43:52 ubuntu.local ticky: INFO Created ticket [#1055] (mcintosh)
Mar 09 07:02:39 ubuntu.local ticky: INFO Created ticket [#1056] (breee)
Mar 09 17:09:45 ubuntu.local ticky: INFO Commented on ticket [#1057] (oren)
Mar 09 16:05:12 ubuntu.local ticky: INFO Commented on ticket [#1058] (blossom)
Mar 09 04:39:06 ubuntu.local ticky: INFO Closed ticket [#1059] (ac)
Mar 09 18:24:30 ubuntu.local ticky: ERROR Connection to DB failed (mdouglas)
Mar 09 21:02:45 ubuntu.local ticky: INFO Created ticket [#1060] (ac)
Mar 09 20:33:45 ubuntu.local ticky: ERROR Tried to add information to a closed ticket (blossom)
Mar 09 12:52:33 ubuntu.local ticky: INFO Closed ticket [#1061] (jackowens)
Mar 09 15:09:11 ubuntu.local ticky: INFO Commented on ticket [#1062] (mcintosh)
Mar 10 01:20:26 ubuntu.local ticky: INFO Commented on ticket [#1063] (blossom)
Mar 09 09:56:27 ubuntu.local ticky: INFO Closed ticket [#1064] (oren)
Mar 09 19:34:29 ubuntu.local ticky: ERROR Ticket doesn't exist (ac)
Mar 10 01:37:22 ubuntu.local ticky: ERROR Ticket doesn't exist (oren)
Mar 09 03:47:41 ubuntu.local ticky: ERROR Connection to DB failed (mcintosh)
Mar 09 08:22:42 ubuntu.local ticky: INFO Closed ticket [#1065] (oren)
Mar 09 07:40:29 ubuntu.local ticky: INFO Commented on ticket [#1066] (breee)
Mar 09 15:16:34 ubuntu.local ticky: INFO Commented on ticket [#1067] (oren)
Mar 09 14:40:56 ubuntu.local ticky: INFO Commented on ticket [#1068] (ac)
Mar 10 00:24:03 ubuntu.local ticky: ERROR Permission denied while closing ticket (jackowens)
Mar 09 12:11:58 ubuntu.local ticky: INFO Closed ticket [#1069] (rr.robinson)
Mar 09 12:25:48 ubuntu.local ticky: INFO Closed ticket [#1070] (mcintosh)
Mar 09 10:10:46 ubuntu.local ticky: INFO Created ticket [#1071] (ac)
Mar 09 22:19:53 ubuntu.local ticky: INFO Commented on ticket [#1072] (ac)
Mar 09 14:06:30 ubuntu.local ticky: INFO Created ticket [#1073] (blossom)
Mar 09 13:04:26 ubuntu.local ticky: ERROR Timeout while retrieving information (rr.robinson)
Mar 09 18:23:07 ubuntu.local ticky: ERROR Permission denied while closing ticket (mdouglas)
Mar 09 20:49:48 ubuntu.local ticky: INFO Commented on ticket [#1074] (mdouglas)
Mar 09 06:54:03 ubuntu.local ticky: ERROR Tried to add information to a closed ticket (blossom)
Mar 09 05:56:58 ubuntu.local ticky: ERROR Permission denied while closing ticket (breee)
Mar 10 01:12:14 ubuntu.local ticky: INFO Commented on ticket [#1075] (rr.robinson)
Mar 09 18:40:01 ubuntu.local ticky: INFO Commented on ticket [#1076] (ac)
Mar 10 00:58:33 ubuntu.local ticky: INFO Created ticket [#1077] (jackowens)
Mar 09 13:08:34 ubuntu.local ticky: INFO Commented on ticket [#1078] (mdouglas)
Mar 10 00:57:50 ubuntu.local ticky: INFO Created ticket [#1079] (ac)
Mar 09 15:06:45 ubuntu.local ticky: INFO Closed ticket [#1080] (jackowens)
Mar 09 20:17:18 ubuntu.local ticky: ERROR Connection to DB failed (jackowens)
Mar 10 00:29:51 ubuntu.local ticky: ERROR Permission denied while closing ticket (mcintosh)
Mar 09 13:18:24 ubuntu.local ticky: ERROR Timeout while retrieving information (breee)
Mar 10 01:47:30 ubuntu.local ticky: INFO Closed ticket [#1081] (rr.robinson)
Mar 09 07:12:34 ubuntu.local ticky: ERROR Tried to add information to a closed ticket (ac)
Mar 09 16:32:33 ubuntu.local ticky: INFO Closed ticket [#1082] (breee)
Mar 09 07:43:48 ubuntu.local ticky: ERROR The ticket was modified while updating (blossom)
Mar 09 21:34:31 ubuntu.local ticky: INFO Closed ticket [#1083] (blossom)
Mar 09 20:24:20 ubuntu.local ticky: INFO Created ticket [#1084] (breee)
Mar 09 19:17:39 ubuntu.local ticky: ERROR Ticket doesn't exist (rr.robinson)
Mar 09 14:17:11 ubuntu.local ticky: INFO Created ticket [#1085] (jackowens)
Mar 09 06:32:44 ubuntu.local ticky: INFO Commented on ticket [#1086] (ac)
Mar 09 10:08:27 ubuntu.local ticky: ERROR The ticket was modified while updating (rr.robinson)
Mar 09 06:20:41 ubuntu.local ticky: ERROR Permission denied while closing ticket (rr.robinson)
Mar 09 18:08:57 ubuntu.local ticky: ERROR The ticket was modified while updating (mcintosh)
Mar 09 23:57:53 ubuntu.local ticky: INFO Created ticket [#1087] (jackowens)
Mar 09 03:57:07 ubuntu.local ticky: ERROR Permission denied while closing ticket (oren)
Mar 09 12:32:18 ubuntu.local ticky: ERROR Timeout while retrieving information (mdouglas)
Mar 09 09:15:36 ubuntu.local ticky: INFO Commented on ticket [#1088] (ac)
Mar 09 20:55:27 ubuntu.local ticky: INFO Commented on ticket [#1089] (blossom)
Mar 09 04:20:50 ubuntu.local ticky: ERROR Timeout while retrieving information (ac)
Mar 09 06:39:04 ubuntu.local ticky: ERROR Tried to add information to a closed ticket (blossom)
Mar 09 08:22:54 ubuntu.local ticky: ERROR Permission denied while closing ticket (rr.robinson)
Mar 09 04:07:52 ubuntu.local ticky: INFO Created ticket [#1090] (blossom)
Mar 09 11:13:15 ubuntu.local ticky: ERROR Tried to add information to a closed ticket (blossom)
Mar 09 05:01:59 ubuntu.local ticky: ERROR Tried to add information to a closed ticket (jackowens)
Mar 09 14:22:53 ubuntu.local ticky: ERROR Connection to DB failed (blossom)
Mar 09 18:41:02 ubuntu.local ticky: INFO Created ticket [#1091] (breee)
Mar 09 19:18:24 ubuntu.local ticky: INFO Created ticket [#1092] (ac)
Mar 09 20:23:40 ubuntu.local ticky: ERROR Ticket doesn't exist (mdouglas)
Mar 10 01:25:25 ubuntu.local ticky: INFO Closed ticket [#1093] (ac)
Mar 09 07:19:03 ubuntu.local ticky: ERROR Tried to add information to a closed ticket (mdouglas)
Mar 10 02:44:51 ubuntu.local ticky: INFO Created ticket [#1094] (mcintosh)
Mar 09 18:02:55 ubuntu.local ticky: ERROR Connection to DB failed (breee)
Mar 09 20:51:12 ubuntu.local ticky: INFO Closed ticket [#1095] (mcintosh)
Mar 09 09:57:43 ubuntu.local ticky: ERROR Tried to add information to a closed ticket (breee)
Mar 10 02:34:37 ubuntu.local ticky: INFO Commented on ticket [#1096] (blossom)
Mar 09 08:39:16 ubuntu.local ticky: ERROR Permission denied while closing ticket (mcintosh)
Mar 10 01:59:25 ubuntu.local ticky: ERROR Timeout while retrieving information (rr.robinson)
Mar 09 11:26:00 ubuntu.local ticky: INFO Created ticket [#1097] (rr.robinson)
Mar 10 02:15:20 ubuntu.local ticky: ERROR Tried to add information to a closed ticket (oren)
Mar 10 03:18:31 ubuntu.local ticky: ERROR Ticket doesn't exist (mcintosh)
Mar 09 18:06:01 ubuntu.local ticky: INFO Closed ticket [#1098] (oren)
Mar 10 02:57:01 ubuntu.local ticky: INFO Closed ticket [#1099] (oren)
Mar 09 20:12:35 ubuntu.local ticky: ERROR Ticket doesn't exist (mcintosh)
Mar 10 00:53:12 ubuntu.local ticky: INFO Closed ticket [#1100] (jackowens)
Mar 09 11:45:38 ubuntu.local ticky: INFO Commented on ticket [#1101] (ac)
Mar 10 01:38:10 ubuntu.local ticky: ERROR Tried to add information to a closed ticket (blossom)
Mar 09 13:37:21 ubuntu.local ticky: INFO Created ticket [#1102] (rr.robinson)
Mar 09 16:15:07 ubuntu.local ticky: ERROR Connection to DB failed (mcintosh)
Mar 09 06:08:07 ubuntu.local ticky: INFO Closed ticket [#1103] (breee)
Mar 09 16:00:50 ubuntu.local ticky: ERROR Permission denied while closing ticket (ac)
Mar 09 13:04:25 ubuntu.local ticky: INFO Created ticket [#1104] (rr.robinson)
Mar 09 22:34:14 ubuntu.local ticky: INFO Closed ticket [#1105] (blossom)
Mar 10 02:48:45 ubuntu.local ticky: ERROR The ticket was modified while updating (blossom)
Mar 09 16:56:31 ubuntu.local ticky: ERROR Connection to DB failed (oren)
Mar 09 20:45:10 ubuntu.local ticky: ERROR The ticket was modified while updating (rr.robinson)
Mar 09 17:29:48 ubuntu.local ticky: ERROR Tried to add information to a closed ticket (ac)
Mar 09 07:11:29 ubuntu.local ticky: ERROR Ticket doesn't exist (ac)
Mar 10 00:14:53 ubuntu.local ticky: INFO Commented on ticket [#1106] (breee)
Mar 09 05:57:26 ubuntu.local ticky: ERROR The ticket was modified while updating (rr.robinson)
Mar 10 00:13:05 ubuntu.local ticky: ERROR The ticket was modified while updating (breee)
Mar 09 09:53:56 ubuntu.local ticky: ERROR Tried to add information to a closed ticket (ac)
Mar 09 04:21:15 ubuntu.local ticky: ERROR Tried to add information to a closed ticket (mcintosh)
Mar 09 12:23:10 ubuntu.local ticky: INFO Closed ticket [#1107] (oren)
Mar 09 08:22:36 ubuntu.local ticky: INFO Created ticket [#1108] (breee)
Mar 09 05:47:21 ubuntu.local ticky: INFO Commented on ticket [#1109] (breee)
Mar 09 20:27:20 ubuntu.local ticky: INFO Closed ticket [#1110] (blossom)
Mar 09 08:39:49 ubuntu.local ticky: INFO Created ticket [#1111] (rr.robinson)
Mar 09 07:17:25 ubuntu.local ticky: ERROR The ticket was modified while updating (oren)
Mar 09 11:41:44 ubuntu.local ticky: INFO Commented on ticket [#1112] (jackowens)
Mar 09 23:33:29 ubuntu.local ticky: INFO Commented on ticket [#1113] (ac)
Mar 10 03:00:53 ubuntu.local ticky: ERROR Permission denied while closing ticket (oren)
Mar 09 11:59:13 ubuntu.local ticky: ERROR Permission denied while closing ticket (breee)
Mar 09 18:04:11 ubuntu.local ticky: INFO Commented on ticket [#1114] (mdouglas)
Mar 09 07:06:47 ubuntu.local ticky: ERROR Ticket doesn't exist (breee)
Mar 09 22:44:13 ubuntu.local ticky: ERROR The ticket was modified while updating (oren)
Mar 09 08:38:38 ubuntu.local ticky: INFO Created ticket [#1115] (rr.robinson)
Mar 09 18:29:16 ubuntu.local ticky: INFO Created ticket [#1116] (rr.robinson)
Mar 09 17:46:17 ubuntu.local ticky: ERROR Tried to add information to a closed ticket (breee)
Mar 09 20:33:49 ubuntu.local ticky: INFO Closed ticket [#1117] (blossom)
Mar 09 16:56:34 ubuntu.local ticky: INFO Created ticket [#1118] (jackowens)
Mar 09 20:31:12 ubuntu.local ticky: ERROR Connection to DB failed (breee)
Mar 09 18:47:22 ubuntu.local ticky: INFO Closed ticket [#1119] (rr.robinson)
Mar 09 21:09:28 ubuntu.local ticky: ERROR Connection to DB failed (mcintosh)
Mar 09 21:48:42 ubuntu.local ticky: INFO Created ticket [#1120] (mcintosh)
Mar 10 01:03:58 ubuntu.local ticky: ERROR Timeout while retrieving information (oren)
Mar 09 22:32:50 ubuntu.local ticky: ERROR Tried to add information to a closed ticket (breee)
Mar 09 15:25:52 ubuntu.local ticky: ERROR The ticket was modified while updating (blossom)
Mar 09 11:28:04 ubuntu.local ticky: ERROR Tried to add information to a closed ticket (blossom)
Mar 09 12:22:17 ubuntu.local ticky: INFO Closed ticket [#1121] (mcintosh)
Mar 09 23:49:29 ubuntu.local ticky: INFO Commented on ticket [#1122] (oren)
Mar 09 04:27:25 ubuntu.local ticky: INFO Closed ticket [#1123] (breee)
Mar 09 12:19:43 ubuntu.local ticky: INFO Commented on ticket [#1124] (oren)
Mar 09 08:58:10 ubuntu.local ticky: INFO Created ticket [#1125] (jackowens)
Mar 09 13:35:58 ubuntu.local ticky: ERROR The ticket was modified while updating (jackowens)
Mar 10 03:01:03 ubuntu.local ticky: ERROR Tried to add information to a closed ticket (blossom)
Mar 10 03:31:36 ubuntu.local ticky: INFO Created ticket [#1126] (jackowens)
Mar 09 13:25:30 ubuntu.local ticky: ERROR The ticket was modified while updating (blossom)
Mar 09 03:56:32 ubuntu.local ticky: ERROR Tried to add information to a closed ticket (oren)
Mar 09 14:00:43 ubuntu.local ticky: INFO Closed ticket [#1127] (ac)
Mar 09 11:36:22 ubuntu.local ticky: ERROR Ticket doesn't exist (rr.robinson)
Mar 10 00:03:43 ubuntu.local ticky: ERROR Connection to DB failed (mcintosh)
Mar 09 09:59:59 ubuntu.local ticky: INFO Created ticket [#1128] (oren)
Mar 09 06:02:51 ubuntu.local ticky: ERROR Tried to add information to a closed ticket (jackowens)
Mar 09 03:45:29 ubuntu.local ticky: INFO Closed ticket [#1129] (oren)
Mar 09 13:22:55 ubuntu.local ticky: INFO Created ticket [#1130] (breee)
Mar 09 15:59:19 ubuntu.local ticky: ERROR Ticket doesn't exist (rr.robinson)
Mar 09 18:51:20 ubuntu.local ticky: INFO Created ticket [#1131] (mdouglas)
Mar 09 06:07:40 ubuntu.local ticky: ERROR Tried to add information to a closed ticket (mdouglas)
Mar 09 21:07:13 ubuntu.local ticky: INFO Closed ticket [#1132] (blossom)
Mar 09 15:40:23 ubuntu.local ticky: ERROR Tried to add information to a closed ticket (mcintosh)
Mar 09 04:11:47 ubuntu.local ticky: ERROR Tried to add information to a closed ticket (ac)
Mar 09 14:34:30 ubuntu.local ticky: ERROR Timeout while retrieving information (ac)
Mar 09 17:29:45 ubuntu.local ticky: INFO Created ticket [#1133] (mcintosh)
Mar 09 12:55:02 ubuntu.local ticky: ERROR Ticket doesn't exist (rr.robinson)
Mar 09 21:37:57 ubuntu.local ticky: INFO Commented on ticket [#1134] (jackowens)
Mar 09 18:22:07 ubuntu.local ticky: ERROR Connection to DB failed (breee)
Mar 09 19:33:38 ubuntu.local ticky: ERROR Permission denied while closing ticket (mcintosh)
Mar 09 14:39:37 ubuntu.local ticky: ERROR Tried to add information to a closed ticket (ac)
Mar 09 07:42:21 ubuntu.local ticky: ERROR Connection to DB failed (rr.robinson)
Mar 10 00:20:27 ubuntu.local ticky: INFO Created ticket [#1135] (breee)
Mar 09 20:33:48 ubuntu.local ticky: ERROR Permission denied while closing ticket (ac)
Mar 09 05:59:33 ubuntu.local ticky: INFO Created ticket [#1136] (blossom)
Mar 10 02:31:33 ubuntu.local ticky: INFO Closed ticket [#1137] (mcintosh)
Mar 09 07:49:28 ubuntu.local ticky: ERROR Tried to add information to a closed ticket (mdouglas)
Mar 09 10:09:42 ubuntu.local ticky: ERROR Ticket doesn't exist (jackowens)
Mar 09 11:48:33 ubuntu.local ticky: ERROR Tried to add information to a closed ticket (jackowens)
Mar 09 22:02:15 ubuntu.local ticky: ERROR Connection to DB failed (jackowens)
Mar 09 21:46:48 ubuntu.local ticky: ERROR The ticket was modified while updating (breee)
Mar 09 23:02:02 ubuntu.local ticky: INFO Created ticket [#1138] (oren)
Mar 09 20:12:22 ubuntu.local ticky: ERROR Tried to add information to a closed ticket (mcintosh)
Mar 10 02:29:26 ubuntu.local ticky: ERROR Timeout while retrieving information (jackowens)
Mar 09 20:15:39 ubuntu.local ticky: ERROR Connection to DB failed (mdouglas)
Mar 09 04:26:03 ubuntu.local ticky: ERROR The ticket was modified while updating (blossom)
Mar 09 17:30:45 ubuntu.local ticky: INFO Closed ticket [#1139] (mdouglas)
Mar 09 05:30:28 ubuntu.local ticky: ERROR Ticket doesn't exist (breee)
Mar 09 18:22:28 ubuntu.local ticky: INFO Created ticket [#1140] (jackowens)
Mar 09 16:50:32 ubuntu.local ticky: INFO Closed ticket [#1141] (breee)
Mar 09 23:57:45 ubuntu.local ticky: INFO Created ticket [#1142] (mcintosh)
Mar 10 01:14:13 ubuntu.local ticky: ERROR Tried to add information to a closed ticket (ac)
Mar 10 01:58:53 ubuntu.local ticky: INFO Created ticket [#1143] (ac)
Mar 09 18:47:44 ubuntu.local ticky: ERROR The ticket was modified while updating (breee)
Mar 09 21:16:29 ubuntu.local ticky: ERROR Ticket doesn't exist (blossom)
Mar 09 19:38:54 ubuntu.local ticky: INFO Created ticket [#1144] (breee)
Mar 09 10:06:13 ubuntu.local ticky: ERROR Ticket doesn't exist (ac)
Mar 09 23:49:06 ubuntu.local ticky: ERROR Tried to add information to a closed ticket (rr.robinson)
Mar 09 06:53:27 ubuntu.local ticky: ERROR Permission denied while closing ticket (breee)
Mar 09 07:54:02 ubuntu.local ticky: INFO Closed ticket [#1145] (breee)
Mar 09 13:06:26 ubuntu.local ticky: ERROR Tried to add information to a closed ticket (mdouglas)
Mar 09 14:49:24 ubuntu.local ticky: INFO Commented on ticket [#1146] (blossom)
Mar 10 00:16:44 ubuntu.local ticky: ERROR Timeout while retrieving information (blossom)
Mar 09 23:35:37 ubuntu.local ticky: INFO Closed ticket [#1147] (rr.robinson)
Mar 10 03:05:15 ubuntu.local ticky: INFO Commented on ticket [#1148] (rr.robinson)
Mar 09 21:57:29 ubuntu.local ticky: INFO Closed ticket [#1149] (blossom)
Mar 09 15:32:17 ubuntu.local ticky: ERROR The ticket was modified while updating (breee)
Mar 09 23:38:27 ubuntu.local ticky: INFO Created ticket [#1150] (rr.robinson)
Mar 09 14:15:00 ubuntu.local ticky: INFO Commented on ticket [#1151] (oren)
Mar 09 13:11:07 ubuntu.local ticky: ERROR Tried to add information to a closed ticket (oren)
Mar 09 05:20:39 ubuntu.local ticky: INFO Closed ticket [#1152] (rr.robinson)
Mar 09 12:34:13 ubuntu.local ticky: ERROR Tried to add information to a closed ticket (blossom)
Mar 09 21:36:41 ubuntu.local ticky: INFO Closed ticket [#1153] (oren)
Mar 09 21:18:08 ubuntu.local ticky: INFO Closed ticket [#1154] (oren)
Mar 10 02:08:05 ubuntu.local ticky: INFO Closed ticket [#1155] (jackowens)
Mar 09 16:45:38 ubuntu.local ticky: INFO Created ticket [#1156] (ac)
Mar 09 06:04:08 ubuntu.local ticky: ERROR Ticket doesn't exist (jackowens)
Mar 10 02:11:20 ubuntu.local ticky: INFO Commented on ticket [#1157] (mcintosh)
Mar 10 03:34:14 ubuntu.local ticky: ERROR Ticket doesn't exist (mdouglas)
Mar 10 00:07:10 ubuntu.local ticky: ERROR Permission denied while closing ticket (breee)
Mar 10 01:39:15 ubuntu.local ticky: INFO Closed ticket [#1158] (rr.robinson)
Mar 09 14:49:30 ubuntu.local ticky: ERROR Connection to DB failed (rr.robinson)
Mar 09 06:04:35 ubuntu.local ticky: ERROR The ticket was modified while updating (ac)
Mar 09 17:11:25 ubuntu.local ticky: ERROR Timeout while retrieving information (ac)
Mar 10 03:44:53 ubuntu.local ticky: INFO Closed ticket [#1159] (mcintosh)
Mar 09 09:46:16 ubuntu.local ticky: ERROR Permission denied while closing ticket (breee)
Mar 09 10:16:48 ubuntu.local ticky: ERROR Connection to DB failed (blossom)
Mar 09 07:36:25 ubuntu.local ticky: ERROR Ticket doesn't exist (rr.robinson)
Mar 09 12:38:37 ubuntu.local ticky: INFO Created ticket [#1160] (mdouglas)
Mar 10 03:26:41 ubuntu.local ticky: ERROR Tried to add information to a closed ticket (jackowens)
Mar 09 04:30:28 ubuntu.local ticky: ERROR Timeout while retrieving information (rr.robinson)
Mar 09 11:06:49 ubuntu.local ticky: INFO Commented on ticket [#1161] (mdouglas)
Mar 09 08:12:17 ubuntu.local ticky: ERROR The ticket was modified while updating (jackowens)
Mar 09 13:42:54 ubuntu.local ticky: INFO Closed ticket [#1162] (breee)
Mar 10 03:33:57 ubuntu.local ticky: INFO Created ticket [#1163] (ac)
Mar 09 08:20:57 ubuntu.local ticky: ERROR Tried to add information to a closed ticket (oren)
Mar 09 10:42:41 ubuntu.local ticky: INFO Commented on ticket [#1164] (jackowens)
Mar 09 05:14:26 ubuntu.local ticky: INFO Commented on ticket [#1165] (ac)
Mar 09 06:53:41 ubuntu.local ticky: INFO Commented on ticket [#1166] (blossom)
Mar 09 23:17:27 ubuntu.local ticky: ERROR Permission denied while closing ticket (blossom)
Mar 09 08:57:03 ubuntu.local ticky: ERROR Permission denied while closing ticket (breee)
Mar 09 21:54:16 ubuntu.local ticky: ERROR Tried to add information to a closed ticket (rr.robinson)
Mar 09 23:23:21 ubuntu.local ticky: INFO Closed ticket [#1167] (blossom)
Mar 09 23:16:16 ubuntu.local ticky: INFO Created ticket [#1168] (jackowens)
Mar 10 01:10:08 ubuntu.local ticky: ERROR Connection to DB failed (breee)
Mar 09 10:58:22 ubuntu.local ticky: ERROR Connection to DB failed (breee)
Mar 09 07:34:50 ubuntu.local ticky: INFO Commented on ticket [#1169] (mcintosh)
Mar 09 16:57:58 ubuntu.local ticky: INFO Created ticket [#1170] (breee)
Mar 09 07:24:48 ubuntu.local ticky: ERROR Permission denied while closing ticket (mdouglas)
Mar 09 12:24:12 ubuntu.local ticky: ERROR Connection to DB failed (breee)
Mar 10 01:27:03 ubuntu.local ticky: INFO Closed ticket [#1171] (oren)
Mar 10 01:08:17 ubuntu.local ticky: ERROR Tried to add information to a closed ticket (mcintosh)
Mar 10 02:20:44 ubuntu.local ticky: ERROR Timeout while retrieving information (oren)
Mar 09 05:32:21 ubuntu.local ticky: ERROR Tried to add information to a closed ticket (ac)
Mar 09 21:42:20 ubuntu.local ticky: INFO Closed ticket [#1172] (oren)
Mar 09 10:03:23 ubuntu.local ticky: INFO Created ticket [#1173] (ac)
Mar 09 09:41:40 ubuntu.local ticky: INFO Created ticket [#1174] (jackowens)
Mar 09 23:52:42 ubuntu.local ticky: INFO Created ticket [#1175] (mcintosh)
Mar 09 16:02:47 ubuntu.local ticky: INFO Commented on ticket [#1176] (mdouglas)
Mar 09 06:59:53 ubuntu.local ticky: ERROR Timeout while retrieving information (breee)
Mar 10 03:05:26 ubuntu.local ticky: INFO Closed ticket [#1177] (oren)
Mar 09 19:47:15 ubuntu.local ticky: ERROR Connection to DB failed (breee)
Mar 09 17:29:42 ubuntu.local ticky: INFO Closed ticket [#1178] (ac)
Mar 09 20:06:24 ubuntu.local ticky: INFO Closed ticket [#1179] (ac)
Mar 10 01:49:45 ubuntu.local ticky: INFO Commented on ticket [#1180] (ac)
Mar 09 13:05:21 ubuntu.local ticky: INFO Commented on ticket [#1181] (mdouglas)
Mar 09 08:53:20 ubuntu.local ticky: ERROR Tried to add information to a closed ticket (blossom)
Mar 09 07:13:18 ubuntu.local ticky: INFO Created ticket [#1182] (jackowens)
Mar 09 22:24:18 ubuntu.local ticky: INFO Closed ticket [#1183] (breee)
Mar 10 01:47:46 ubuntu.local ticky: INFO Closed ticket [#1184] (oren)
Mar 09 04:40:18 ubuntu.local ticky: ERROR Ticket doesn't exist (blossom)
Mar 09 17:20:49 ubuntu.local ticky: INFO Created ticket [#1185] (rr.robinson)
Mar 09 17:02:10 ubuntu.local ticky: INFO Closed ticket [#1186] (mdouglas)
Mar 09 21:30:29 ubuntu.local ticky: ERROR Tried to add information to a closed ticket (rr.robinson)
Mar 10 00:45:46 ubuntu.local ticky: INFO Closed ticket [#1187] (blossom)
Mar 09 19:50:52 ubuntu.local ticky: INFO Created ticket [#1188] (breee)
Mar 10 03:17:50 ubuntu.local ticky: ERROR Tried to add information to a closed ticket (mcintosh)
Mar 09 06:34:48 ubuntu.local ticky: INFO Commented on ticket [#1189] (mdouglas)
Mar 09 20:38:09 ubuntu.local ticky: ERROR Connection to DB failed (jackowens)
Mar 09 21:37:12 ubuntu.local ticky: INFO Created ticket [#1190] (mcintosh)
Mar 09 21:35:40 ubuntu.local ticky: ERROR The ticket was modified while updating (ac)
Mar 09 15:51:11 ubuntu.local ticky: ERROR Tried to add information to a closed ticket (jackowens)
Mar 09 09:59:49 ubuntu.local ticky: ERROR Tried to add information to a closed ticket (ac)
Mar 09 20:25:16 ubuntu.local ticky: ERROR Tried to add information to a closed ticket (jackowens)
Mar 09 19:12:25 ubuntu.local ticky: ERROR Permission denied while closing ticket (mdouglas)
Mar 10 03:31:19 ubuntu.local ticky: ERROR Tried to add information to a closed ticket (blossom)
Mar 09 09:57:16 ubuntu.local ticky: ERROR Connection to DB failed (rr.robinson)
Mar 09 08:04:52 ubuntu.local ticky: ERROR Permission denied while closing ticket (jackowens)
Mar 09 06:50:36 ubuntu.local ticky: ERROR Timeout while retrieving information (blossom)
Mar 09 13:20:58 ubuntu.local ticky: ERROR Tried to add information to a closed ticket (oren)
Mar 09 12:02:12 ubuntu.local ticky: INFO Created ticket [#1191] (mdouglas)
Mar 10 02:24:25 ubuntu.local ticky: INFO Closed ticket [#1192] (blossom)
Mar 09 06:52:01 ubuntu.local ticky: ERROR The ticket was modified while updating (rr.robinson)
Mar 09 13:02:06 ubuntu.local ticky: ERROR Tried to add information to a closed ticket (oren)
Mar 09 21:13:34 ubuntu.local ticky: ERROR Tried to add information to a closed ticket (blossom)
Mar 09 12:37:06 ubuntu.local ticky: ERROR Permission denied while closing ticket (jackowens)
Mar 09 11:35:47 ubuntu.local ticky: ERROR The ticket was modified while updating (oren)
Mar 09 22:22:11 ubuntu.local ticky: ERROR Tried to add information to a closed ticket (blossom)
Mar 09 16:07:28 ubuntu.local ticky: ERROR Timeout while retrieving information (mcintosh)
Mar 09 15:45:00 ubuntu.local ticky: INFO Commented on ticket [#1193] (blossom)
Mar 09 11:19:22 ubuntu.local ticky: ERROR Tried to add information to a closed ticket (blossom)
Mar 10 02:15:44 ubuntu.local ticky: INFO Commented on ticket [#1194] (oren)
Mar 09 11:04:42 ubuntu.local ticky: ERROR Connection to DB failed (oren)
Mar 09 08:55:00 ubuntu.local ticky: ERROR Permission denied while closing ticket (mcintosh)
Mar 09 08:39:30 ubuntu.local ticky: ERROR Tried to add information to a closed ticket (oren)
Mar 10 01:47:13 ubuntu.local ticky: ERROR Timeout while retrieving information (mdouglas)
Mar 09 16:53:44 ubuntu.local ticky: ERROR Timeout while retrieving information (breee)
Mar 09 07:12:19 ubuntu.local ticky: INFO Commented on ticket [#1195] (mcintosh)
Mar 09 23:01:09 ubuntu.local ticky: ERROR Tried to add information to a closed ticket (mdouglas)
Mar 09 04:39:44 ubuntu.local ticky: ERROR The ticket was modified while updating (blossom)
Mar 09 20:06:37 ubuntu.local ticky: ERROR The ticket was modified while updating (rr.robinson)
Mar 09 10:39:29 ubuntu.local ticky: ERROR Tried to add information to a closed ticket (breee)
Mar 10 02:54:49 ubuntu.local ticky: INFO Commented on ticket [#1196] (blossom)
Mar 10 03:35:34 ubuntu.local ticky: INFO Created ticket [#1197] (mcintosh)
Mar 09 12:49:08 ubuntu.local ticky: INFO Created ticket [#1198] (mcintosh)
Mar 09 18:14:08 ubuntu.local ticky: ERROR Permission denied while closing ticket (mdouglas)
Mar 09 19:41:23 ubuntu.local ticky: INFO Closed ticket [#1199] (blossom)
Mar 10 00:22:54 ubuntu.local ticky: INFO Commented on ticket [#1200] (blossom)
Mar 09 06:07:56 ubuntu.local ticky: INFO Created ticket [#1201] (mdouglas)
Mar 09 07:52:03 ubuntu.local ticky: ERROR Connection to DB failed (jackowens)
Mar 09 19:56:55 ubuntu.local ticky: INFO Closed ticket [#1202] (blossom)
Mar 09 13:17:54 ubuntu.local ticky: INFO Closed ticket [#1203] (rr.robinson)
Mar 09 21:40:34 ubuntu.local ticky: ERROR Connection to DB failed (breee)
Mar 09 09:52:48 ubuntu.local ticky: ERROR Connection to DB failed (ac)
Mar 10 00:17:28 ubuntu.local ticky: INFO Closed ticket [#1204] (oren)
Mar 09 11:05:16 ubuntu.local ticky: INFO Commented on ticket [#1205] (oren)
Mar 09 19:13:41 ubuntu.local ticky: INFO Closed ticket [#1206] (jackowens)
Mar 09 22:40:40 ubuntu.local ticky: ERROR The ticket was modified while updating (mdouglas)
Mar 09 13:30:45 ubuntu.local ticky: ERROR Tried to add information to a closed ticket (mdouglas)
Mar 09 16:33:27 ubuntu.local ticky: ERROR Tried to add information to a closed ticket (jackowens)
Mar 10 03:08:30 ubuntu.local ticky: ERROR Ticket doesn't exist (mcintosh)
Mar 09 20:48:15 ubuntu.local ticky: ERROR The ticket was modified while updating (mdouglas)
Mar 09 21:27:55 ubuntu.local ticky: ERROR Tried to add information to a closed ticket (oren)
Mar 10 02:08:03 ubuntu.local ticky: INFO Commented on ticket [#1207] (jackowens)
Mar 09 04:49:40 ubuntu.local ticky: ERROR Ticket doesn't exist (blossom)
Mar 09 22:58:03 ubuntu.local ticky: ERROR Permission denied while closing ticket (oren)
Mar 09 15:07:39 ubuntu.local ticky: ERROR The ticket was modified while updating (breee)
Mar 10 00:25:43 ubuntu.local ticky: ERROR Timeout while retrieving information (rr.robinson)
Mar 09 06:39:04 ubuntu.local ticky: INFO Closed ticket [#1208] (breee)
Mar 09 19:59:01 ubuntu.local ticky: INFO Commented on ticket [#1209] (blossom)
Mar 09 07:40:47 ubuntu.local ticky: INFO Closed ticket [#1210] (mdouglas)
Mar 09 14:00:35 ubuntu.local ticky: ERROR Connection to DB failed (jackowens)
Mar 09 17:24:26 ubuntu.local ticky: ERROR Connection to DB failed (mcintosh)
Mar 09 11:43:37 ubuntu.local ticky: INFO Created ticket [#1211] (blossom)
Mar 09 20:38:14 ubuntu.local ticky: INFO Created ticket [#1212] (rr.robinson)
Mar 09 07:23:04 ubuntu.local ticky: INFO Closed ticket [#1213] (breee)
Mar 09 09:09:47 ubuntu.local ticky: ERROR Timeout while retrieving information (mcintosh)
Mar 09 17:19:24 ubuntu.local ticky: ERROR Timeout while retrieving information (breee)
Mar 09 07:23:56 ubuntu.local ticky: ERROR Timeout while retrieving information (ac)
Mar 09 12:06:24 ubuntu.local ticky: INFO Created ticket [#1214] (rr.robinson)
Mar 09 21:08:19 ubuntu.local ticky: INFO Closed ticket [#1215] (oren)
Mar 09 18:26:54 ubuntu.local ticky: INFO Closed ticket [#1216] (breee)
Mar 09 14:22:29 ubuntu.local ticky: INFO Commented on ticket [#1217] (oren)
Mar 09 06:57:03 ubuntu.local ticky: ERROR Timeout while retrieving information (breee)
Mar 09 04:41:57 ubuntu.local ticky: ERROR Ticket doesn't exist (oren)
Mar 09 09:08:00 ubuntu.local ticky: INFO Created ticket [#1218] (jackowens)
Mar 09 22:51:43 ubuntu.local ticky: ERROR Tried to add information to a closed ticket (blossom)
Mar 09 19:07:06 ubuntu.local ticky: INFO Closed ticket [#1219] (rr.robinson)
Mar 09 23:03:22 ubuntu.local ticky: ERROR Timeout while retrieving information (ac)
Mar 09 05:25:16 ubuntu.local ticky: INFO Commented on ticket [#1220] (breee)
Mar 09 05:41:43 ubuntu.local ticky: ERROR Tried to add information to a closed ticket (jackowens)
Mar 09 14:13:13 ubuntu.local ticky: ERROR Ticket doesn't exist (rr.robinson)
Mar 09 19:41:07 ubuntu.local ticky: INFO Created ticket [#1221] (rr.robinson)
Mar 09 10:07:22 ubuntu.local ticky: INFO Commented on ticket [#1222] (blossom)
Mar 09 11:08:03 ubuntu.local ticky: INFO Closed ticket [#1223] (oren)
Mar 09 21:56:42 ubuntu.local ticky: ERROR Connection to DB failed (jackowens)
Mar 10 01:05:16 ubuntu.local ticky: ERROR The ticket was modified while updating (ac)
Mar 10 03:43:41 ubuntu.local ticky: INFO Closed ticket [#1224] (mdouglas)
Mar 09 20:41:57 ubuntu.local ticky: INFO Closed ticket [#1225] (breee)
Mar 09 03:58:59 ubuntu.local ticky: ERROR Permission denied while closing ticket (rr.robinson)
Mar 10 01:13:27 ubuntu.local ticky: INFO Commented on ticket [#1226] (rr.robinson)
Mar 09 23:30:27 ubuntu.local ticky: INFO Created ticket [#1227] (mcintosh)
Mar 09 22:45:51 ubuntu.local ticky: ERROR Tried to add information to a closed ticket (breee)
Mar 09 04:24:05 ubuntu.local ticky: ERROR Permission denied while closing ticket (oren)
Mar 10 01:53:04 ubuntu.local ticky: ERROR Permission denied while closing ticket (rr.robinson)
Mar 09 07:01:41 ubuntu.local ticky: ERROR Permission denied while closing ticket (rr.robinson)
Mar 09 15:42:32 ubuntu.local ticky: INFO Closed ticket [#1228] (mcintosh)
Mar 09 09:24:51 ubuntu.local ticky: ERROR The ticket was modified while updating (jackowens)
Mar 09 17:00:36 ubuntu.local ticky: ERROR Ticket doesn't exist (mcintosh)
Mar 09 09:09:34 ubuntu.local ticky: INFO Closed ticket [#1229] (oren)
Mar 09 06:38:32 ubuntu.local ticky: INFO Created ticket [#1230] (jackowens)
Mar 09 17:34:10 ubuntu.local ticky: ERROR Connection to DB failed (oren)
Mar 09 09:53:54 ubuntu.local ticky: INFO Commented on ticket [#1231] (ac)
Mar 09 13:42:58 ubuntu.local ticky: INFO Created ticket [#1232] (mcintosh)
Mar 09 05:13:21 ubuntu.local ticky: ERROR Connection to DB failed (jackowens)
Mar 09 13:58:25 ubuntu.local ticky: ERROR Tried to add information to a closed ticket (blossom)
Mar 09 08:22:19 ubuntu.local ticky: INFO Created ticket [#1233] (mcintosh)
Mar 09 22:43:01 ubuntu.local ticky: INFO Created ticket [#1234] (mcintosh)
Mar 09 16:03:17 ubuntu.local ticky: INFO Closed ticket [#1235] (mcintosh)
Mar 09 15:23:46 ubuntu.local ticky: INFO Closed ticket [#1236] (mdouglas)
Mar 09 18:45:27 ubuntu.local ticky: ERROR Tried to add information to a closed ticket (breee)
Mar 09 23:18:53 ubuntu.local ticky: INFO Commented on ticket [#1237] (blossom)
Mar 09 19:26:25 ubuntu.local ticky: ERROR Timeout while retrieving information (ac)
Mar 09 05:19:47 ubuntu.local ticky: ERROR The ticket was modified while updating (oren)
Mar 09 08:57:59 ubuntu.local ticky: INFO Created ticket [#1238] (rr.robinson)
Mar 09 09:32:50 ubuntu.local ticky: ERROR Tried to add information to a closed ticket (rr.robinson)
Mar 10 03:21:46 ubuntu.local ticky: ERROR Permission denied while closing ticket (rr.robinson)
Mar 09 10:09:53 ubuntu.local ticky: INFO Commented on ticket [#1239] (mdouglas)
Mar 09 14:02:52 ubuntu.local ticky: INFO Closed ticket [#1240] (mdouglas)
Mar 09 13:12:53 ubuntu.local ticky: ERROR Connection to DB failed (rr.robinson)
Mar 09 18:56:12 ubuntu.local ticky: INFO Commented on ticket [#1241] (oren)
Mar 09 23:56:39 ubuntu.local ticky: INFO Commented on ticket [#1242] (jackowens)
Mar 09 12:56:57 ubuntu.local ticky: INFO Created ticket [#1243] (jackowens)
Mar 09 14:56:17 ubuntu.local ticky: INFO Created ticket [#1244] (oren)
Mar 09 20:37:49 ubuntu.local ticky: INFO Commented on ticket [#1245] (jackowens)
Mar 09 07:25:47 ubuntu.local ticky: ERROR Ticket doesn't exist (blossom)
Mar 09 17:30:20 ubuntu.local ticky: ERROR Timeout while retrieving information (mdouglas)
Mar 09 16:58:52 ubuntu.local ticky: ERROR Connection to DB failed (breee)
Mar 09 19:48:16 ubuntu.local ticky: ERROR Timeout while retrieving information (oren)
Mar 09 12:26:39 ubuntu.local ticky: INFO Closed ticket [#1246] (breee)
Mar 09 05:52:56 ubuntu.local ticky: INFO Commented on ticket [#1247] (ac)
Mar 09 18:34:40 ubuntu.local ticky: ERROR Connection to DB failed (blossom)
Mar 09 08:01:10 ubuntu.local ticky: ERROR Ticket doesn't exist (mcintosh)
Mar 09 23:25:53 ubuntu.local ticky: INFO Closed ticket [#1248] (breee)
Mar 09 10:36:00 ubuntu.local ticky: INFO Commented on ticket [#1249] (oren)
Mar 09 21:49:10 ubuntu.local ticky: INFO Commented on ticket [#1250] (rr.robinson)
Mar 09 20:13:47 ubuntu.local ticky: INFO Created ticket [#1251] (ac)
Mar 09 14:56:20 ubuntu.local ticky: INFO Created ticket [#1252] (oren)
Mar 10 02:59:42 ubuntu.local ticky: INFO Commented on ticket [#1253] (rr.robinson)
Mar 09 08:58:47 ubuntu.local ticky: ERROR Ticket doesn't exist (oren)
Mar 09 10:26:38 ubuntu.local ticky: ERROR Timeout while retrieving information (breee)
Mar 09 17:23:18 ubuntu.local ticky: ERROR Tried to add information to a closed ticket (mdouglas)
Mar 09 05:54:54 ubuntu.local ticky: INFO Created ticket [#1254] (breee)
Mar 09 11:41:03 ubuntu.local ticky: ERROR Permission denied while closing ticket (breee)
Mar 10 02:10:26 ubuntu.local ticky: ERROR The ticket was modified while updating (mcintosh)
Mar 09 10:19:54 ubuntu.local ticky: INFO Created ticket [#1255] (breee)
Mar 09 11:50:57 ubuntu.local ticky: ERROR The ticket was modified while updating (mcintosh)
Mar 09 08:11:57 ubuntu.local ticky: ERROR The ticket was modified while updating (jackowens)
Mar 10 03:36:25 ubuntu.local ticky: ERROR Timeout while retrieving information (mcintosh)
Mar 10 00:46:02 ubuntu.local ticky: INFO Commented on ticket [#1256] (rr.robinson)
Mar 10 03:37:34 ubuntu.local ticky: INFO Commented on ticket [#1257] (breee)
Mar 09 10:40:45 ubuntu.local ticky: INFO Commented on ticket [#1258] (jackowens)
Mar 09 17:27:32 ubuntu.local ticky: INFO Commented on ticket [#1259] (ac)
Mar 10 02:31:22 ubuntu.local ticky: INFO Created ticket [#1260] (oren)
Mar 09 23:13:29 ubuntu.local ticky: ERROR Ticket doesn't exist (breee)
Mar 09 09:26:36 ubuntu.local ticky: INFO Created ticket [#1261] (oren)
Mar 09 04:01:56 ubuntu.local ticky: ERROR Connection to DB failed (jackowens)
Mar 09 08:17:40 ubuntu.local ticky: ERROR Connection to DB failed (breee)
Mar 09 19:08:40 ubuntu.local ticky: ERROR Tried to add information to a closed ticket (oren)
Mar 09 18:40:29 ubuntu.local ticky: ERROR Connection to DB failed (ac)
Mar 09 23:14:04 ubuntu.local ticky: ERROR Permission denied while closing ticket (mdouglas)
Mar 09 06:12:17 ubuntu.local ticky: INFO Closed ticket [#1262] (jackowens)
Mar 09 11:13:50 ubuntu.local ticky: INFO Closed ticket [#1263] (breee)
Mar 09 05:19:15 ubuntu.local ticky: INFO Closed ticket [#1264] (ac)
Mar 09 16:22:06 ubuntu.local ticky: ERROR Tried to add information to a closed ticket (rr.robinson)
Mar 09 09:44:02 ubuntu.local ticky: ERROR Timeout while retrieving information (breee)
Mar 10 02:55:41 ubuntu.local ticky: ERROR Permission denied while closing ticket (blossom)
Mar 10 01:33:24 ubuntu.local ticky: ERROR Timeout while retrieving information (mcintosh)
Mar 10 03:36:58 ubuntu.local ticky: ERROR Tried to add information to a closed ticket (rr.robinson)
Mar 09 06:14:36 ubuntu.local ticky: ERROR Tried to add information to a closed ticket (blossom)
Mar 09 13:03:08 ubuntu.local ticky: ERROR Timeout while retrieving information (blossom)
Mar 10 02:04:22 ubuntu.local ticky: INFO Created ticket [#1265] (ac)
Mar 09 05:15:54 ubuntu.local ticky: INFO Closed ticket [#1266] (oren)
Mar 09 16:35:21 ubuntu.local ticky: INFO Closed ticket [#1267] (rr.robinson)
Mar 09 16:15:20 ubuntu.local ticky: INFO Closed ticket [#1268] (ac)
Mar 10 02:37:46 ubuntu.local ticky: ERROR The ticket was modified while updating (ac)
Mar 09 07:53:56 ubuntu.local ticky: ERROR The ticket was modified while updating (oren)
Mar 09 18:38:18 ubuntu.local ticky: INFO Created ticket [#1269] (mcintosh)
Mar 09 22:00:53 ubuntu.local ticky: ERROR The ticket was modified while updating (breee)
Mar 09 13:20:31 ubuntu.local ticky: ERROR Tried to add information to a closed ticket (rr.robinson)
Mar 09 10:51:37 ubuntu.local ticky: ERROR Ticket doesn't exist (mdouglas)
Mar 09 06:05:33 ubuntu.local ticky: ERROR The ticket was modified while updating (oren)
Mar 09 15:54:47 ubuntu.local ticky: ERROR Timeout while retrieving information (ac)
Mar 09 05:30:28 ubuntu.local ticky: INFO Commented on ticket [#1270] (mdouglas)
Mar 10 00:35:52 ubuntu.local ticky: ERROR Timeout while retrieving information (ac)
Mar 09 18:09:18 ubuntu.local ticky: INFO Closed ticket [#1271] (blossom)
Mar 09 23:55:47 ubuntu.local ticky: INFO Commented on ticket [#1272] (breee)
Mar 09 11:39:29 ubuntu.local ticky: ERROR Tried to add information to a closed ticket (rr.robinson)
Mar 09 22:12:10 ubuntu.local ticky: ERROR The ticket was modified while updating (mcintosh)
Mar 09 04:34:23 ubuntu.local ticky: INFO Closed ticket [#1273] (blossom)
Mar 09 10:29:21 ubuntu.local ticky: ERROR Timeout while retrieving information (oren)
Mar 09 11:09:23 ubuntu.local ticky: INFO Created ticket [#1274] (ac)
Mar 09 11:25:56 ubuntu.local ticky: ERROR Timeout while retrieving information (ac)
Mar 09 09:43:50 ubuntu.local ticky: INFO Created ticket [#1275] (jackowens)
Mar 09 06:17:09 ubuntu.local ticky: INFO Created ticket [#1276] (mcintosh)
Mar 09 05:08:59 ubuntu.local ticky: ERROR Timeout while retrieving information (mcintosh)
Mar 10 01:47:44 ubuntu.local ticky: INFO Commented on ticket [#1277] (rr.robinson)
Mar 09 14:42:27 ubuntu.local ticky: ERROR Connection to DB failed (jackowens)
Mar 09 15:41:02 ubuntu.local ticky: ERROR Permission denied while closing ticket (jackowens)
Mar 09 09:54:28 ubuntu.local ticky: ERROR Tried to add information to a closed ticket (rr.robinson)
Mar 10 01:31:16 ubuntu.local ticky: INFO Created ticket [#1278] (rr.robinson)
Mar 09 10:16:50 ubuntu.local ticky: INFO Created ticket [#1279] (ac)
Mar 09 21:51:53 ubuntu.local ticky: ERROR The ticket was modified while updating (breee)
Mar 09 10:44:03 ubuntu.local ticky: INFO Closed ticket [#1280] (breee)
Mar 09 22:10:06 ubuntu.local ticky: ERROR Permission denied while closing ticket (mdouglas)
Mar 09 13:16:47 ubuntu.local ticky: INFO Closed ticket [#1281] (ac)
Mar 09 14:19:54 ubuntu.local ticky: INFO Closed ticket [#1282] (mdouglas)
Mar 09 10:51:17 ubuntu.local ticky: INFO Created ticket [#1283] (blossom)
Mar 09 21:50:01 ubuntu.local ticky: INFO Commented on ticket [#1284] (mcintosh)
Mar 09 13:11:05 ubuntu.local ticky: ERROR Tried to add information to a closed ticket (breee)
Mar 10 02:57:02 ubuntu.local ticky: ERROR Permission denied while closing ticket (oren)
Mar 09 08:41:50 ubuntu.local ticky: INFO Commented on ticket [#1285] (jackowens)
Mar 10 00:44:04 ubuntu.local ticky: INFO Closed ticket [#1286] (blossom)
Mar 09 13:45:56 ubuntu.local ticky: INFO Closed ticket [#1287] (ac)
Mar 09 23:31:31 ubuntu.local ticky: ERROR Permission denied while closing ticket (blossom)
Mar 10 00:03:45 ubuntu.local ticky: INFO Created ticket [#1288] (ac)
Mar 09 04:07:37 ubuntu.local ticky: INFO Closed ticket [#1289] (breee)
Mar 10 01:48:25 ubuntu.local ticky: INFO Commented on ticket [#1290] (mcintosh)
Mar 09 21:07:38 ubuntu.local ticky: ERROR Ticket doesn't exist (ac)
Mar 09 18:26:25 ubuntu.local ticky: INFO Commented on ticket [#1291] (ac)
Mar 09 22:09:36 ubuntu.local ticky: INFO Closed ticket [#1292] (mcintosh)
Mar 09 17:39:48 ubuntu.local ticky: ERROR Connection to DB failed (breee)
Mar 09 10:36:02 ubuntu.local ticky: INFO Commented on ticket [#1293] (rr.robinson)
Mar 09 12:46:52 ubuntu.local ticky: INFO Created ticket [#1294] (ac)
Mar 09 13:07:40 ubuntu.local ticky: ERROR Tried to add information to a closed ticket (ac)
Mar 09 21:30:12 ubuntu.local ticky: ERROR Connection to DB failed (oren)
Mar 09 23:38:18 ubuntu.local ticky: ERROR Permission denied while closing ticket (blossom)
Mar 10 02:57:27 ubuntu.local ticky: INFO Commented on ticket [#1295] (blossom)
Mar 09 18:16:09 ubuntu.local ticky: INFO Commented on ticket [#1296] (breee)
Mar 09 17:53:18 ubuntu.local ticky: INFO Commented on ticket [#1297] (breee)
Mar 10 02:19:08 ubuntu.local ticky: INFO Commented on ticket [#1298] (mcintosh)
Mar 09 08:32:41 ubuntu.local ticky: INFO Created ticket [#1299] (rr.robinson)
Mar 09 19:31:10 ubuntu.local ticky: INFO Created ticket [#1300] (mcintosh)
Mar 09 20:57:58 ubuntu.local ticky: INFO Created ticket [#1301] (rr.robinson)
Mar 10 00:19:33 ubuntu.local ticky: ERROR The ticket was modified while updating (mdouglas)
Mar 09 05:06:10 ubuntu.local ticky: INFO Closed ticket [#1302] (blossom)
Mar 09 08:57:34 ubuntu.local ticky: INFO Created ticket [#1303] (oren)
Mar 09 21:16:48 ubuntu.local ticky: ERROR Tried to add information to a closed ticket (mdouglas)
Mar 09 14:29:50 ubuntu.local ticky: ERROR Tried to add information to a closed ticket (mdouglas)
Mar 09 20:37:10 ubuntu.local ticky: INFO Closed ticket [#1304] (mcintosh)
Mar 09 16:42:33 ubuntu.local ticky: ERROR Timeout while retrieving information (mdouglas)
Mar 09 20:14:13 ubuntu.local ticky: ERROR Tried to add information to a closed ticket (jackowens)
Mar 09 18:23:36 ubuntu.local ticky: INFO Created ticket [#1305] (jackowens)
Mar 09 10:10:56 ubuntu.local ticky: INFO Created ticket [#1306] (blossom)
Mar 09 09:39:52 ubuntu.local ticky: INFO Commented on ticket [#1307] (mdouglas)
Mar 09 16:35:22 ubuntu.local ticky: INFO Closed ticket [#1308] (oren)
Mar 09 11:00:52 ubuntu.local ticky: ERROR Tried to add information to a closed ticket (breee)
Mar 10 01:15:47 ubuntu.local ticky: INFO Created ticket [#1309] (mcintosh)
Mar 09 23:42:02 ubuntu.local ticky: ERROR Permission denied while closing ticket (ac)
Mar 09 05:07:45 ubuntu.local ticky: INFO Closed ticket [#1310] (blossom)
Mar 09 16:14:02 ubuntu.local ticky: INFO Created ticket [#1311] (mdouglas)
Mar 09 23:04:22 ubuntu.local ticky: ERROR Permission denied while closing ticket (breee)
Mar 09 21:15:29 ubuntu.local ticky: ERROR The ticket was modified while updating (mcintosh)
Mar 09 18:40:14 ubuntu.local ticky: INFO Commented on ticket [#1312] (oren)
Mar 09 17:58:23 ubuntu.local ticky: ERROR The ticket was modified while updating (ac)
Mar 09 21:43:39 ubuntu.local ticky: ERROR The ticket was modified while updating (blossom)
Mar 09 10:46:45 ubuntu.local ticky: INFO Closed ticket [#1313] (ac)
Mar 09 17:29:48 ubuntu.local ticky: INFO Commented on ticket [#1314] (mcintosh)
Mar 09 20:22:46 ubuntu.local ticky: INFO Closed ticket [#1315] (mdouglas)
Mar 09 23:35:30 ubuntu.local ticky: ERROR Connection to DB failed (jackowens)
Mar 09 13:49:23 ubuntu.local ticky: INFO Commented on ticket [#1316] (jackowens)
Mar 09 12:29:50 ubuntu.local ticky: INFO Closed ticket [#1317] (oren)
Mar 09 04:14:12 ubuntu.local ticky: INFO Created ticket [#1318] (ac)
Mar 09 08:31:59 ubuntu.local ticky: ERROR Tried to add information to a closed ticket (blossom)
Mar 09 13:35:29 ubuntu.local ticky: INFO Commented on ticket [#1319] (mdouglas)
Mar 09 12:17:34 ubuntu.local ticky: INFO Created ticket [#1320] (blossom)
Mar 09 10:32:09 ubuntu.local ticky: INFO Closed ticket [#1321] (ac)
Mar 09 22:03:41 ubuntu.local ticky: ERROR Connection to DB failed (mcintosh)
Mar 10 02:40:43 ubuntu.local ticky: ERROR Timeout while retrieving information (mcintosh)
Mar 10 03:14:48 ubuntu.local ticky: ERROR Connection to DB failed (mcintosh)
Mar 09 08:46:11 ubuntu.local ticky: INFO Closed ticket [#1322] (mdouglas)
Mar 09 18:19:06 ubuntu.local ticky: INFO Created ticket [#1323] (blossom)
Mar 09 11:05:40 ubuntu.local ticky: ERROR Tried to add information to a closed ticket (oren)
Mar 09 23:53:11 ubuntu.local ticky: ERROR The ticket was modified while updating (blossom)
Mar 09 08:43:33 ubuntu.local ticky: ERROR Tried to add information to a closed ticket (mdouglas)
Mar 09 16:56:50 ubuntu.local ticky: INFO Commented on ticket [#1324] (blossom)
Mar 10 00:40:31 ubuntu.local ticky: ERROR Ticket doesn't exist (oren)
Mar 10 02:50:07 ubuntu.local ticky: ERROR Tried to add information to a closed ticket (blossom)
Mar 09 13:42:23 ubuntu.local ticky: ERROR The ticket was modified while updating (ac)
Mar 09 20:02:23 ubuntu.local ticky: INFO Closed ticket [#1325] (breee)
Mar 09 20:23:11 ubuntu.local ticky: ERROR Tried to add information to a closed ticket (mcintosh)
Mar 09 21:48:37 ubuntu.local ticky: ERROR Ticket doesn't exist (ac)
Mar 09 07:10:23 ubuntu.local ticky: INFO Commented on ticket [#1326] (mdouglas)
Mar 09 19:56:14 ubuntu.local ticky: INFO Commented on ticket [#1327] (jackowens)
Mar 10 01:31:51 ubuntu.local ticky: ERROR Permission denied while closing ticket (breee)
Mar 10 00:29:42 ubuntu.local ticky: ERROR Connection to DB failed (breee)
Mar 09 10:16:51 ubuntu.local ticky: ERROR Timeout while retrieving information (ac)
Mar 10 00:26:01 ubuntu.local ticky: ERROR Tried to add information to a closed ticket (breee)
Mar 09 17:06:43 ubuntu.local ticky: INFO Commented on ticket [#1328] (breee)
Mar 09 13:44:34 ubuntu.local ticky: ERROR Timeout while retrieving information (blossom)
Mar 10 02:02:24 ubuntu.local ticky: ERROR The ticket was modified while updating (blossom)
Mar 09 07:19:58 ubuntu.local ticky: INFO Commented on ticket [#1329] (blossom)
Mar 09 04:28:06 ubuntu.local ticky: INFO Created ticket [#1330] (mcintosh)
Mar 09 05:17:03 ubuntu.local ticky: INFO Created ticket [#1331] (mcintosh)
Mar 09 06:07:26 ubuntu.local ticky: INFO Created ticket [#1332] (breee)
Mar 09 16:53:10 ubuntu.local ticky: ERROR Ticket doesn't exist (oren)
Mar 10 00:35:38 ubuntu.local ticky: ERROR Tried to add information to a closed ticket (breee)
Mar 09 14:55:38 ubuntu.local ticky: ERROR Tried to add information to a closed ticket (rr.robinson)
Mar 10 01:41:52 ubuntu.local ticky: INFO Commented on ticket [#1333] (ac)
Mar 09 17:36:03 ubuntu.local ticky: ERROR Timeout while retrieving information (rr.robinson)
Mar 09 19:30:29 ubuntu.local ticky: INFO Created ticket [#1334] (rr.robinson)
Mar 09 12:34:44 ubuntu.local ticky: INFO Closed ticket [#1335] (breee)
Mar 09 04:56:13 ubuntu.local ticky: ERROR Connection to DB failed (mdouglas)
Mar 09 21:45:27 ubuntu.local ticky: INFO Commented on ticket [#1336] (mcintosh)
Mar 09 12:12:08 ubuntu.local ticky: INFO Created ticket [#1337] (mcintosh)
Mar 10 02:29:29 ubuntu.local ticky: ERROR Tried to add information to a closed ticket (breee)
Mar 10 00:39:23 ubuntu.local ticky: ERROR The ticket was modified while updating (oren)
Mar 09 19:00:20 ubuntu.local ticky: ERROR Ticket doesn't exist (mcintosh)
Mar 09 04:54:37 ubuntu.local ticky: ERROR Tried to add information to a closed ticket (rr.robinson)
Mar 09 14:00:13 ubuntu.local ticky: ERROR Timeout while retrieving information (ac)
Mar 09 21:09:20 ubuntu.local ticky: INFO Closed ticket [#1338] (mcintosh)
Mar 09 22:12:23 ubuntu.local ticky: INFO Created ticket [#1339] (mdouglas)
Mar 09 11:34:34 ubuntu.local ticky: INFO Created ticket [#1340] (rr.robinson)
Mar 09 20:17:56 ubuntu.local ticky: INFO Created ticket [#1341] (jackowens)
Mar 09 10:44:53 ubuntu.local ticky: INFO Created ticket [#1342] (mdouglas)
Mar 09 14:27:50 ubuntu.local ticky: INFO Closed ticket [#1343] (jackowens)
Mar 09 17:16:40 ubuntu.local ticky: ERROR Ticket doesn't exist (ac)
Mar 09 17:06:34 ubuntu.local ticky: ERROR Permission denied while closing ticket (ac)
Mar 10 03:23:13 ubuntu.local ticky: INFO Commented on ticket [#1344] (blossom)
Mar 09 16:40:29 ubuntu.local ticky: INFO Created ticket [#1345] (breee)
Mar 09 17:56:43 ubuntu.local ticky: INFO Closed ticket [#1346] (ac)
Mar 09 11:27:40 ubuntu.local ticky: ERROR Connection to DB failed (jackowens)
Mar 09 12:43:32 ubuntu.local ticky: INFO Commented on ticket [#1347] (ac)
Mar 09 04:12:46 ubuntu.local ticky: ERROR The ticket was modified while updating (rr.robinson)
Mar 09 09:21:19 ubuntu.local ticky: ERROR Tried to add information to a closed ticket (rr.robinson)
Mar 09 10:01:14 ubuntu.local ticky: ERROR Timeout while retrieving information (jackowens)
Mar 09 19:08:06 ubuntu.local ticky: ERROR Ticket doesn't exist (breee)
Mar 09 22:47:58 ubuntu.local ticky: ERROR Timeout while retrieving information (oren)
Mar 09 21:29:45 ubuntu.local ticky: INFO Created ticket [#1348] (ac)
Mar 09 17:46:55 ubuntu.local ticky: ERROR Ticket doesn't exist (jackowens)
Mar 09 07:32:23 ubuntu.local ticky: ERROR The ticket was modified while updating (mcintosh)
Mar 09 17:18:54 ubuntu.local ticky: ERROR Tried to add information to a closed ticket (rr.robinson)
Mar 09 20:05:32 ubuntu.local ticky: ERROR Tried to add information to a closed ticket (rr.robinson)
Mar 09 22:26:48 ubuntu.local ticky: ERROR Tried to add information to a closed ticket (ac)
Mar 09 03:51:10 ubuntu.local ticky: ERROR The ticket was modified while updating (mcintosh)
Mar 09 20:31:22 ubuntu.local ticky: ERROR Tried to add information to a closed ticket (rr.robinson)
Mar 09 12:53:16 ubuntu.local ticky: INFO Closed ticket [#1349] (mcintosh)
Mar 09 16:10:08 ubuntu.local ticky: ERROR The ticket was modified while updating (jackowens)
Mar 09 06:17:02 ubuntu.local ticky: INFO Created ticket [#1350] (rr.robinson)
Mar 09 07:05:28 ubuntu.local ticky: ERROR Tried to add information to a closed ticket (jackowens)
Mar 09 14:12:18 ubuntu.local ticky: ERROR Ticket doesn't exist (rr.robinson)
Mar 10 00:01:28 ubuntu.local ticky: INFO Commented on ticket [#1351] (ac)
Mar 09 23:32:36 ubuntu.local ticky: INFO Closed ticket [#1352] (oren)
Mar 09 22:03:33 ubuntu.local ticky: ERROR Timeout while retrieving information (oren)
Mar 09 08:44:20 ubuntu.local ticky: ERROR Connection to DB failed (oren)
Mar 09 16:17:42 ubuntu.local ticky: ERROR Connection to DB failed (mdouglas)
Mar 09 23:30:40 ubuntu.local ticky: ERROR Timeout while retrieving information (oren)
Mar 09 11:09:09 ubuntu.local ticky: ERROR Connection to DB failed (ac)
Mar 09 10:37:53 ubuntu.local ticky: INFO Commented on ticket [#1353] (rr.robinson)
Mar 09 13:53:54 ubuntu.local ticky: INFO Commented on ticket [#1354] (breee)
Mar 09 07:50:55 ubuntu.local ticky: ERROR Tried to add information to a closed ticket (mdouglas)
Mar 09 05:35:56 ubuntu.local ticky: ERROR Ticket doesn't exist (rr.robinson)
Mar 09 12:54:45 ubuntu.local ticky: INFO Closed ticket [#1355] (jackowens)
Mar 09 14:35:07 ubuntu.local ticky: INFO Closed ticket [#1356] (blossom)
Mar 09 12:03:51 ubuntu.local ticky: INFO Created ticket [#1357] (mcintosh)
Mar 09 09:55:40 ubuntu.local ticky: ERROR Tried to add information to a closed ticket (jackowens)
Mar 09 10:40:00 ubuntu.local ticky: INFO Commented on ticket [#1358] (breee)
Mar 09 08:39:50 ubuntu.local ticky: ERROR Permission denied while closing ticket (jackowens)
Mar 10 02:40:06 ubuntu.local ticky: ERROR Tried to add information to a closed ticket (breee)
Mar 09 20:37:09 ubuntu.local ticky: INFO Commented on ticket [#1359] (blossom)
Mar 09 20:57:39 ubuntu.local ticky: ERROR Permission denied while closing ticket (mcintosh)
Mar 09 11:58:44 ubuntu.local ticky: INFO Commented on ticket [#1360] (blossom)
Mar 09 09:36:49 ubuntu.local ticky: ERROR Tried to add information to a closed ticket (blossom)
Mar 09 20:56:49 ubuntu.local ticky: ERROR The ticket was modified while updating (breee)
Mar 09 12:01:49 ubuntu.local ticky: INFO Closed ticket [#1361] (mdouglas)
Mar 09 12:07:47 ubuntu.local ticky: INFO Created ticket [#1362] (blossom)
Mar 10 00:52:26 ubuntu.local ticky: ERROR Permission denied while closing ticket (mcintosh)
Mar 09 07:02:52 ubuntu.local ticky: ERROR Permission denied while closing ticket (breee)
Mar 09 10:28:01 ubuntu.local ticky: INFO Commented on ticket [#1363] (jackowens)
Mar 10 03:40:56 ubuntu.local ticky: INFO Closed ticket [#1364] (oren)
Mar 09 18:14:01 ubuntu.local ticky: ERROR The ticket was modified while updating (breee)
Mar 10 01:29:17 ubuntu.local ticky: INFO Created ticket [#1365] (oren)
Mar 09 22:05:20 ubuntu.local ticky: INFO Commented on ticket [#1366] (rr.robinson)
Mar 09 11:50:33 ubuntu.local ticky: INFO Created ticket [#1367] (jackowens)
Mar 09 12:58:23 ubuntu.local ticky: ERROR Permission denied while closing ticket (breee)
Mar 09 12:31:10 ubuntu.local ticky: ERROR Ticket doesn't exist (breee)
Mar 09 22:57:08 ubuntu.local ticky: ERROR The ticket was modified while updating (jackowens)
Mar 09 17:08:47 ubuntu.local ticky: INFO Closed ticket [#1368] (rr.robinson)
Mar 10 00:02:19 ubuntu.local ticky: INFO Commented on ticket [#1369] (jackowens)
Mar 09 11:24:45 ubuntu.local ticky: ERROR The ticket was modified while updating (mcintosh)
Mar 09 21:56:52 ubuntu.local ticky: INFO Commented on ticket [#1370] (jackowens)
Mar 09 19:41:49 ubuntu.local ticky: ERROR Permission denied while closing ticket (mdouglas)
Mar 09 21:38:22 ubuntu.local ticky: ERROR Connection to DB failed (blossom)
Mar 09 09:57:29 ubuntu.local ticky: INFO Commented on ticket [#1371] (rr.robinson)
Mar 09 08:45:51 ubuntu.local ticky: INFO Closed ticket [#1372] (breee)
Mar 09 13:52:32 ubuntu.local ticky: INFO Commented on ticket [#1373] (mdouglas)
Mar 09 21:41:01 ubuntu.local ticky: ERROR The ticket was modified while updating (blossom)
Mar 09 21:49:04 ubuntu.local ticky: ERROR Connection to DB failed (rr.robinson)
Mar 09 13:37:11 ubuntu.local ticky: ERROR Tried to add information to a closed ticket (oren)
Mar 09 06:07:56 ubuntu.local ticky: INFO Commented on ticket [#1374] (blossom)
Mar 09 16:22:11 ubuntu.local ticky: ERROR Ticket doesn't exist (breee)
Mar 09 06:01:32 ubuntu.local ticky: INFO Commented on ticket [#1375] (mcintosh)
Mar 09 11:04:06 ubuntu.local ticky: ERROR Tried to add information to a closed ticket (blossom)
Mar 10 01:38:35 ubuntu.local ticky: INFO Closed ticket [#1376] (breee)
Mar 09 21:13:51 ubuntu.local ticky: INFO Created ticket [#1377] (blossom)
Mar 09 22:34:29 ubuntu.local ticky: INFO Closed ticket [#1378] (oren)
Mar 09 12:57:59 ubuntu.local ticky: ERROR The ticket was modified while updating (jackowens)
Mar 09 17:19:42 ubuntu.local ticky: INFO Created ticket [#1379] (jackowens)
Mar 09 16:08:10 ubuntu.local ticky: ERROR Tried to add information to a closed ticket (jackowens)
Mar 09 14:57:04 ubuntu.local ticky: ERROR Timeout while retrieving information (blossom)
Mar 09 06:38:50 ubuntu.local ticky: ERROR Tried to add information to a closed ticket (rr.robinson)
Mar 09 07:17:20 ubuntu.local ticky: INFO Commented on ticket [#1380] (blossom)
Mar 09 10:15:05 ubuntu.local ticky: INFO Commented on ticket [#1381] (ac)
Mar 10 01:40:11 ubuntu.local ticky: ERROR Timeout while retrieving information (oren)
Mar 09 11:16:24 ubuntu.local ticky: ERROR Ticket doesn't exist (blossom)
Mar 09 17:53:14 ubuntu.local ticky: ERROR Tried to add information to a closed ticket (mcintosh)
Mar 09 08:02:51 ubuntu.local ticky: ERROR Tried to add information to a closed ticket (blossom)
Mar 09 18:00:20 ubuntu.local ticky: INFO Commented on ticket [#1382] (jackowens)
Mar 09 14:56:11 ubuntu.local ticky: ERROR Ticket doesn't exist (jackowens)
Mar 09 23:50:57 ubuntu.local ticky: INFO Commented on ticket [#1383] (rr.robinson)
Mar 09 16:06:24 ubuntu.local ticky: ERROR Connection to DB failed (blossom)
Mar 09 07:56:15 ubuntu.local ticky: INFO Commented on ticket [#1384] (oren)
Mar 09 22:18:34 ubuntu.local ticky: INFO Created ticket [#1385] (rr.robinson)
Mar 09 07:34:11 ubuntu.local ticky: INFO Closed ticket [#1386] (oren)
Mar 09 10:07:33 ubuntu.local ticky: INFO Commented on ticket [#1387] (oren)
Mar 09 21:06:19 ubuntu.local ticky: ERROR Ticket doesn't exist (rr.robinson)
Mar 10 01:43:09 ubuntu.local ticky: ERROR Timeout while retrieving information (oren)
Mar 09 12:27:51 ubuntu.local ticky: ERROR Connection to DB failed (rr.robinson)
Mar 09 23:45:11 ubuntu.local ticky: ERROR Tried to add information to a closed ticket (breee)
Mar 09 10:32:11 ubuntu.local ticky: ERROR Ticket doesn't exist (breee)
Mar 10 00:16:35 ubuntu.local ticky: INFO Created ticket [#1388] (mdouglas)
Mar 09 19:55:02 ubuntu.local ticky: ERROR Ticket doesn't exist (ac)
Mar 10 02:18:38 ubuntu.local ticky: INFO Closed ticket [#1389] (mcintosh)
Mar 09 05:52:17 ubuntu.local ticky: INFO Created ticket [#1390] (breee)
Mar 09 10:27:08 ubuntu.local ticky: INFO Created ticket [#1391] (oren)
Mar 09 04:25:43 ubuntu.local ticky: INFO Closed ticket [#1392] (blossom)
Mar 09 12:27:49 ubuntu.local ticky: ERROR Tried to add information to a closed ticket (mcintosh)
Mar 09 04:50:30 ubuntu.local ticky: INFO Closed ticket [#1393] (blossom)
Mar 09 07:42:10 ubuntu.local ticky: ERROR Timeout while retrieving information (breee)
Mar 09 13:14:54 ubuntu.local ticky: ERROR Timeout while retrieving information (mdouglas)
Mar 09 16:58:26 ubuntu.local ticky: INFO Closed ticket [#1394] (breee)
Mar 09 06:57:08 ubuntu.local ticky: ERROR Tried to add information to a closed ticket (blossom)
Mar 09 10:59:32 ubuntu.local ticky: INFO Closed ticket [#1395] (breee)
Mar 09 22:17:31 ubuntu.local ticky: ERROR The ticket was modified while updating (breee)
Mar 09 21:00:20 ubuntu.local ticky: INFO Created ticket [#1396] (oren)
Mar 09 18:10:26 ubuntu.local ticky: ERROR Tried to add information to a closed ticket (oren)
Mar 09 14:00:25 ubuntu.local ticky: ERROR Timeout while retrieving information (mcintosh)
Mar 10 01:03:11 ubuntu.local ticky: INFO Created ticket [#1397] (breee)
Mar 09 16:47:28 ubuntu.local ticky: INFO Created ticket [#1398] (jackowens)
Mar 09 11:12:41 ubuntu.local ticky: ERROR Ticket doesn't exist (mdouglas)
Mar 09 05:00:39 ubuntu.local ticky: ERROR Tried to add information to a closed ticket (mcintosh)
Mar 09 07:45:41 ubuntu.local ticky: INFO Closed ticket [#1399] (jackowens)
Mar 09 16:51:38 ubuntu.local ticky: ERROR Tried to add information to a closed ticket (mcintosh)
Mar 10 02:37:29 ubuntu.local ticky: ERROR Tried to add information to a closed ticket (breee)
Mar 09 23:52:59 ubuntu.local ticky: ERROR Permission denied while closing ticket (oren)
Mar 09 09:29:28 ubuntu.local ticky: ERROR Tried to add information to a closed ticket (mcintosh)
Mar 09 10:19:57 ubuntu.local ticky: INFO Created ticket [#1400] (oren)
Mar 09 20:03:51 ubuntu.local ticky: INFO Commented on ticket [#1401] (mcintosh)
Mar 09 07:51:30 ubuntu.local ticky: INFO Created ticket [#1402] (blossom)
Mar 09 04:22:09 ubuntu.local ticky: ERROR Ticket doesn't exist (mdouglas)
Mar 09 04:58:03 ubuntu.local ticky: INFO Closed ticket [#1403] (jackowens)
Mar 09 15:27:51 ubuntu.local ticky: INFO Commented on ticket [#1404] (blossom)
Mar 09 05:36:45 ubuntu.local ticky: ERROR Connection to DB failed (breee)
Mar 09 22:49:41 ubuntu.local ticky: ERROR Timeout while retrieving information (oren)
Mar 10 03:14:43 ubuntu.local ticky: ERROR Ticket doesn't exist (oren)
Mar 09 07:35:57 ubuntu.local ticky: ERROR Tried to add information to a closed ticket (mdouglas)
Mar 09 11:15:35 ubuntu.local ticky: ERROR Ticket doesn't exist (ac)
Mar 09 19:04:20 ubuntu.local ticky: INFO Commented on ticket [#1405] (mcintosh)
Mar 09 19:58:58 ubuntu.local ticky: INFO Created ticket [#1406] (blossom)
Mar 10 01:59:05 ubuntu.local ticky: ERROR Permission denied while closing ticket (breee)
Mar 09 06:08:20 ubuntu.local ticky: ERROR Connection to DB failed (ac)
Mar 10 01:16:55 ubuntu.local ticky: INFO Closed ticket [#1407] (mcintosh)
Mar 09 03:45:49 ubuntu.local ticky: INFO Created ticket [#1408] (jackowens)
Mar 10 01:07:51 ubuntu.local ticky: ERROR Connection to DB failed (oren)
Mar 09 23:44:22 ubuntu.local ticky: ERROR Permission denied while closing ticket (rr.robinson)
Mar 09 10:19:16 ubuntu.local ticky: ERROR Permission denied while closing ticket (breee)
Mar 10 02:31:28 ubuntu.local ticky: ERROR Timeout while retrieving information (oren)
Mar 09 05:50:52 ubuntu.local ticky: ERROR Tried to add information to a closed ticket (mcintosh)
Mar 09 19:46:55 ubuntu.local ticky: ERROR Ticket doesn't exist (oren)
Mar 09 17:36:59 ubuntu.local ticky: ERROR Connection to DB failed (ac)
Mar 09 17:24:18 ubuntu.local ticky: INFO Created ticket [#1409] (ac)
Mar 09 20:36:13 ubuntu.local ticky: ERROR Permission denied while closing ticket (jackowens)
Mar 10 03:13:52 ubuntu.local ticky: INFO Commented on ticket [#1410] (ac)
Mar 10 01:34:20 ubuntu.local ticky: INFO Created ticket [#1411] (mdouglas)
Mar 09 22:01:39 ubuntu.local ticky: INFO Commented on ticket [#1412] (rr.robinson)
Mar 09 15:01:33 ubuntu.local ticky: ERROR Tried to add information to a closed ticket (oren)
Mar 09 23:01:58 ubuntu.local ticky: INFO Commented on ticket [#1413] (rr.robinson)
Mar 09 07:26:40 ubuntu.local ticky: ERROR Tried to add information to a closed ticket (blossom)
Mar 09 08:05:29 ubuntu.local ticky: ERROR Tried to add information to a closed ticket (mcintosh)
Mar 09 07:55:31 ubuntu.local ticky: ERROR Connection to DB failed (blossom)
Mar 10 01:31:41 ubuntu.local ticky: ERROR The ticket was modified while updating (mdouglas)
Mar 09 06:15:09 ubuntu.local ticky: ERROR The ticket was modified while updating (ac)
Mar 09 20:51:59 ubuntu.local ticky: INFO Commented on ticket [#1414] (jackowens)
Mar 10 00:02:03 ubuntu.local ticky: INFO Closed ticket [#1415] (rr.robinson)
Mar 09 11:25:26 ubuntu.local ticky: INFO Created ticket [#1416] (mcintosh)
Mar 09 12:40:59 ubuntu.local ticky: INFO Closed ticket [#1417] (rr.robinson)
Mar 09 17:22:12 ubuntu.local ticky: INFO Created ticket [#1418] (mdouglas)
Mar 09 08:52:50 ubuntu.local ticky: INFO Closed ticket [#1419] (blossom)
Mar 09 21:57:09 ubuntu.local ticky: ERROR Permission denied while closing ticket (oren)
Mar 09 18:23:06 ubuntu.local ticky: ERROR Ticket doesn't exist (ac)
Mar 09 15:55:48 ubuntu.local ticky: INFO Created ticket [#1420] (jackowens)
Mar 09 12:39:54 ubuntu.local ticky: INFO Closed ticket [#1421] (blossom)
Mar 10 01:42:25 ubuntu.local ticky: ERROR The ticket was modified while updating (blossom)
Mar 09 19:04:36 ubuntu.local ticky: INFO Closed ticket [#1422] (rr.robinson)
Mar 10 03:07:31 ubuntu.local ticky: ERROR Connection to DB failed (jackowens)
Mar 10 01:42:20 ubuntu.local ticky: ERROR Permission denied while closing ticket (rr.robinson)
Mar 10 03:16:32 ubuntu.local ticky: INFO Closed ticket [#1423] (oren)
Mar 09 18:28:21 ubuntu.local ticky: INFO Commented on ticket [#1424] (ac)
Mar 09 06:49:21 ubuntu.local ticky: ERROR Connection to DB failed (blossom)
Mar 09 12:49:57 ubuntu.local ticky: INFO Closed ticket [#1425] (rr.robinson)
Mar 09 15:02:05 ubuntu.local ticky: INFO Created ticket [#1426] (rr.robinson)
Mar 09 19:18:26 ubuntu.local ticky: INFO Created ticket [#1427] (rr.robinson)
Mar 09 16:14:54 ubuntu.local ticky: INFO Created ticket [#1428] (oren)
Mar 09 08:07:16 ubuntu.local ticky: INFO Closed ticket [#1429] (blossom)
Mar 09 17:27:04 ubuntu.local ticky: ERROR Permission denied while closing ticket (oren)
Mar 09 16:47:35 ubuntu.local ticky: INFO Commented on ticket [#1430] (mdouglas)
Mar 09 13:37:58 ubuntu.local ticky: ERROR Ticket doesn't exist (ac)
Mar 09 12:48:38 ubuntu.local ticky: ERROR Tried to add information to a closed ticket (mdouglas)
Mar 09 04:20:40 ubuntu.local ticky: INFO Closed ticket [#1431] (jackowens)
Mar 09 06:27:53 ubuntu.local ticky: INFO Created ticket [#1432] (breee)
Mar 09 19:54:13 ubuntu.local ticky: INFO Closed ticket [#1433] (ac)
Mar 09 16:24:50 ubuntu.local ticky: INFO Commented on ticket [#1434] (ac)
Mar 10 02:57:09 ubuntu.local ticky: ERROR Connection to DB failed (mcintosh)
Mar 09 20:37:20 ubuntu.local ticky: INFO Closed ticket [#1435] (breee)
Mar 09 09:55:41 ubuntu.local ticky: ERROR Permission denied while closing ticket (mcintosh)
Mar 09 22:14:35 ubuntu.local ticky: INFO Created ticket [#1436] (oren)
Mar 09 17:15:17 ubuntu.local ticky: INFO Commented on ticket [#1437] (breee)
Mar 09 21:06:45 ubuntu.local ticky: ERROR Tried to add information to a closed ticket (breee)
Mar 09 17:46:15 ubuntu.local ticky: INFO Created ticket [#1438] (jackowens)
Mar 09 12:37:04 ubuntu.local ticky: ERROR Connection to DB failed (rr.robinson)
Mar 09 05:55:56 ubuntu.local ticky: ERROR Ticket doesn't exist (jackowens)
Mar 09 08:13:51 ubuntu.local ticky: ERROR Tried to add information to a closed ticket (blossom)
Mar 09 05:47:26 ubuntu.local ticky: INFO Created ticket [#1439] (mcintosh)
Mar 09 06:16:47 ubuntu.local ticky: ERROR The ticket was modified while updating (rr.robinson)
Mar 09 13:11:29 ubuntu.local ticky: INFO Created ticket [#1440] (rr.robinson)
Mar 09 23:45:35 ubuntu.local ticky: ERROR Tried to add information to a closed ticket (oren)
Mar 09 07:44:45 ubuntu.local ticky: ERROR Connection to DB failed (breee)
Mar 09 21:09:18 ubuntu.local ticky: INFO Closed ticket [#1441] (jackowens)
Mar 09 16:31:40 ubuntu.local ticky: ERROR Connection to DB failed (ac)
Mar 09 16:23:13 ubuntu.local ticky: ERROR Timeout while retrieving information (rr.robinson)
Mar 09 17:55:35 ubuntu.local ticky: INFO Commented on ticket [#1442] (mdouglas)
Mar 09 18:44:46 ubuntu.local ticky: INFO Commented on ticket [#1443] (breee)
Mar 09 22:09:52 ubuntu.local ticky: ERROR Connection to DB failed (breee)
Mar 09 16:35:14 ubuntu.local ticky: INFO Commented on ticket [#1444] (mdouglas)
Mar 09 08:10:52 ubuntu.local ticky: INFO Created ticket [#1445] (oren)
Mar 09 12:07:01 ubuntu.local ticky: INFO Created ticket [#1446] (rr.robinson)
Mar 09 23:15:02 ubuntu.local ticky: ERROR Connection to DB failed (blossom)
Mar 09 23:33:47 ubuntu.local ticky: INFO Commented on ticket [#1447] (rr.robinson)
Mar 10 01:53:14 ubuntu.local ticky: ERROR Tried to add information to a closed ticket (mdouglas)
Mar 09 06:26:04 ubuntu.local ticky: INFO Created ticket [#1448] (breee)
Mar 09 06:57:41 ubuntu.local ticky: INFO Created ticket [#1449] (breee)
Mar 10 02:23:08 ubuntu.local ticky: ERROR Tried to add information to a closed ticket (oren)
Mar 09 23:42:26 ubuntu.local ticky: INFO Commented on ticket [#1450] (blossom)
Mar 09 07:38:38 ubuntu.local ticky: INFO Created ticket [#1451] (ac)
Mar 09 04:38:40 ubuntu.local ticky: ERROR The ticket was modified while updating (blossom)
Mar 09 10:06:51 ubuntu.local ticky: INFO Closed ticket [#1452] (jackowens)
Mar 09 04:31:58 ubuntu.local ticky: INFO Commented on ticket [#1453] (rr.robinson)
Mar 09 14:31:59 ubuntu.local ticky: INFO Created ticket [#1454] (rr.robinson)
Mar 10 02:20:33 ubuntu.local ticky: ERROR The ticket was modified while updating (mcintosh)
Mar 09 05:16:26 ubuntu.local ticky: INFO Closed ticket [#1455] (blossom)
Mar 09 23:59:44 ubuntu.local ticky: ERROR Ticket doesn't exist (mdouglas)
Mar 09 19:39:33 ubuntu.local ticky: INFO Created ticket [#1456] (ac)
Mar 10 03:32:24 ubuntu.local ticky: INFO Created ticket [#1457] (breee)
Mar 10 02:11:29 ubuntu.local ticky: ERROR Timeout while retrieving information (oren)
Mar 09 18:38:38 ubuntu.local ticky: INFO Commented on ticket [#1458] (rr.robinson)
Mar 09 21:21:04 ubuntu.local ticky: ERROR Tried to add information to a closed ticket (ac)
Mar 10 02:53:36 ubuntu.local ticky: ERROR The ticket was modified while updating (breee)
Mar 09 19:05:48 ubuntu.local ticky: ERROR The ticket was modified while updating (blossom)
Mar 09 17:14:26 ubuntu.local ticky: INFO Created ticket [#1459] (ac)
Mar 09 08:00:32 ubuntu.local ticky: INFO Commented on ticket [#1460] (jackowens)
Mar 09 09:21:25 ubuntu.local ticky: INFO Closed ticket [#1461] (mcintosh)
Mar 09 13:26:28 ubuntu.local ticky: INFO Closed ticket [#1462] (mdouglas)
Mar 09 08:18:51 ubuntu.local ticky: INFO Commented on ticket [#1463] (mcintosh)
Mar 10 02:32:15 ubuntu.local ticky: ERROR Permission denied while closing ticket (oren)
Mar 09 14:21:56 ubuntu.local ticky: INFO Commented on ticket [#1464] (mdouglas)
Mar 09 17:23:38 ubuntu.local ticky: INFO Closed ticket [#1465] (ac)
Mar 09 06:42:03 ubuntu.local ticky: ERROR Tried to add information to a closed ticket (mdouglas)
Mar 10 02:31:03 ubuntu.local ticky: INFO Created ticket [#1466] (oren)
Mar 09 20:14:39 ubuntu.local ticky: INFO Created ticket [#1467] (ac)
Mar 09 10:14:28 ubuntu.local ticky: ERROR Tried to add information to a closed ticket (blossom)
Mar 10 02:45:38 ubuntu.local ticky: ERROR Ticket doesn't exist (rr.robinson)
Mar 09 23:14:59 ubuntu.local ticky: INFO Created ticket [#1468] (jackowens)
Mar 09 14:17:46 ubuntu.local ticky: ERROR Timeout while retrieving information (rr.robinson)
Mar 10 02:39:28 ubuntu.local ticky: INFO Created ticket [#1469] (breee)
Mar 10 00:26:40 ubuntu.local ticky: INFO Created ticket [#1470] (oren)
Mar 09 10:33:49 ubuntu.local ticky: ERROR Connection to DB failed (jackowens)
Mar 09 04:42:53 ubuntu.local ticky: ERROR Timeout while retrieving information (jackowens)
Mar 09 19:53:10 ubuntu.local ticky: ERROR Ticket doesn't exist (oren)
Mar 09 17:28:43 ubuntu.local ticky: INFO Commented on ticket [#1471] (mcintosh)
Mar 09 14:23:21 ubuntu.local ticky: INFO Closed ticket [#1472] (blossom)
Mar 09 08:06:57 ubuntu.local ticky: ERROR Permission denied while closing ticket (mdouglas)
Mar 09 06:17:24 ubuntu.local ticky: INFO Created ticket [#1473] (mdouglas)
Mar 09 04:58:45 ubuntu.local ticky: INFO Closed ticket [#1474] (oren)
Mar 09 14:07:35 ubuntu.local ticky: ERROR Ticket doesn't exist (rr.robinson)
Mar 09 12:41:40 ubuntu.local ticky: ERROR Tried to add information to a closed ticket (blossom)
Mar 09 23:42:49 ubuntu.local ticky: ERROR Ticket doesn't exist (rr.robinson)
Mar 09 21:07:35 ubuntu.local ticky: ERROR Tried to add information to a closed ticket (jackowens)
Mar 09 10:19:25 ubuntu.local ticky: INFO Created ticket [#1475] (blossom)
Mar 09 07:48:22 ubuntu.local ticky: INFO Commented on ticket [#1476] (blossom)
Mar 09 18:52:13 ubuntu.local ticky: ERROR Connection to DB failed (oren)
Mar 09 21:44:06 ubuntu.local ticky: ERROR Tried to add information to a closed ticket (blossom)
Mar 10 02:24:39 ubuntu.local ticky: ERROR Ticket doesn't exist (blossom)
Mar 09 12:56:53 ubuntu.local ticky: ERROR Tried to add information to a closed ticket (rr.robinson)
Mar 09 17:52:57 ubuntu.local ticky: ERROR Tried to add information to a closed ticket (mcintosh)
Mar 10 00:56:03 ubuntu.local ticky: ERROR Ticket doesn't exist (oren)
Mar 09 05:31:08 ubuntu.local ticky: INFO Created ticket [#1477] (rr.robinson)
Mar 09 15:29:20 ubuntu.local ticky: ERROR Tried to add information to a closed ticket (oren)
Mar 09 20:26:14 ubuntu.local ticky: INFO Closed ticket [#1478] (breee)
Mar 09 17:57:35 ubuntu.local ticky: ERROR Connection to DB failed (ac)
Mar 09 17:20:35 ubuntu.local ticky: INFO Closed ticket [#1479] (jackowens)
Mar 09 20:13:29 ubuntu.local ticky: INFO Created ticket [#1480] (mcintosh)
Mar 09 10:11:59 ubuntu.local ticky: INFO Created ticket [#1481] (oren)
Mar 09 09:23:48 ubuntu.local ticky: INFO Created ticket [#1482] (mcintosh)
Mar 10 02:50:37 ubuntu.local ticky: ERROR Tried to add information to a closed ticket (mcintosh)
Mar 10 01:36:44 ubuntu.local ticky: INFO Closed ticket [#1483] (mcintosh)
Mar 09 13:00:10 ubuntu.local ticky: ERROR Connection to DB failed (jackowens)
Mar 09 10:01:33 ubuntu.local ticky: INFO Created ticket [#1484] (oren)
Mar 09 14:33:33 ubuntu.local ticky: INFO Commented on ticket [#1485] (ac)
Mar 09 16:25:06 ubuntu.local ticky: ERROR Permission denied while closing ticket (mdouglas)
Mar 09 04:00:17 ubuntu.local ticky: ERROR Tried to add information to a closed ticket (ac)
Mar 09 07:18:02 ubuntu.local ticky: INFO Commented on ticket [#1486] (rr.robinson)
Mar 09 12:50:21 ubuntu.local ticky: ERROR The ticket was modified while updating (breee)
Mar 09 11:16:50 ubuntu.local ticky: ERROR Timeout while retrieving information (blossom)
Mar 09 20:35:34 ubuntu.local ticky: ERROR Connection to DB failed (breee)
Mar 09 18:16:09 ubuntu.local ticky: ERROR The ticket was modified while updating (mdouglas)
Mar 09 20:47:01 ubuntu.local ticky: ERROR The ticket was modified while updating (ac)
Mar 09 15:26:40 ubuntu.local ticky: INFO Created ticket [#1487] (jackowens)
Mar 09 04:55:13 ubuntu.local ticky: INFO Commented on ticket [#1488] (breee)
Mar 09 13:49:28 ubuntu.local ticky: INFO Created ticket [#1489] (jackowens)
Mar 09 10:34:01 ubuntu.local ticky: ERROR Tried to add information to a closed ticket (oren)
Mar 09 12:43:21 ubuntu.local ticky: ERROR Connection to DB failed (rr.robinson)
Mar 09 06:45:26 ubuntu.local ticky: ERROR Tried to add information to a closed ticket (mdouglas)
Mar 09 05:42:57 ubuntu.local ticky: ERROR Tried to add information to a closed ticket (blossom)
Mar 09 05:52:25 ubuntu.local ticky: ERROR The ticket was modified while updating (jackowens)
Mar 09 21:04:22 ubuntu.local ticky: INFO Closed ticket [#1490] (rr.robinson)
Mar 10 01:08:59 ubuntu.local ticky: INFO Closed ticket [#1491] (oren)
Mar 09 13:59:56 ubuntu.local ticky: INFO Closed ticket [#1492] (mcintosh)
Mar 10 02:47:57 ubuntu.local ticky: ERROR Tried to add information to a closed ticket (blossom)